[     700ms] [ERROR] Failed to load resource: the server responded with a status of 502 () @ https://api2.axiom.trade/get-announcement?v=1786187080054:0
[     951ms] [LOG] Error @ https://api.axiom.trade/wo/buddy.js?async:0
[    1382ms] [LOG] Error @ https://api.axiom.trade/wo/buddy.js?async:0
[    1518ms] [WARNING] [DEPRECATED] atomFamily is deprecated and will be removed in v3. Please use the `jotai-family` package instead: https://github.com/jotaijs/jotai-family @ https://axiom.trade/_next/static/chunks/3911-49c3d7463780a318.js?dpl=dpl_DYe22begE7WtbdA2wvqV8TzGG7Vb:0
[    1998ms] [ERROR] WebSocket connection to 'wss://cluster9.axiom.trade/' failed: HTTP Authentication failed; no valid credentials available @ https://axiom.trade/meme/EPjFWdd5AufqSSqeM2qN1xzybapC8G4wEGGkZwyTDt1v:0
[    2571ms] [WARNING] The PerformanceObserver does not support buffered flag with the entryTypes argument. @ https://axiom.trade/_next/static/chunks/3538.354daf6f71cd5cc0.js?dpl=dpl_DYe22begE7WtbdA2wvqV8TzGG7Vb:0
[    3509ms] [ERROR] Failed to load resource: the server responded with a status of 502 () @ https://api2.axiom.trade/tracked-wallets-v4?v=1786187082285:0
[    3510ms] [ERROR] Failed to load resource: the server responded with a status of 502 () @ https://api2.axiom.trade/get-alerts?v=1786187082289:0
[    3511ms] [ERROR] Failed to load resource: the server responded with a status of 502 () @ https://api2.axiom.trade/last-transaction?pairAddress=EPjFWdd5AufqSSqeM2qN1xzybapC8G4wEGGkZwyTDt1v&v=1786187082298:0
[    3511ms] [ERROR] Failed to load resource: the server responded with a status of 502 () @ https://api2.axiom.trade/watchlist-v2?v=1786187082292:0
[    3512ms] [ERROR] Failed to load resource: the server responded with a status of 502 () @ https://api2.axiom.trade/token-info-v2?pairAddress=EPjFWdd5AufqSSqeM2qN1xzybapC8G4wEGGkZwyTDt1v&v=1786187082297:0
[    3512ms] [ERROR] Failed to load resource: the server responded with a status of 502 () @ https://api2.axiom.trade/online-users-count?v=1786187082306:0
[    3512ms] [ERROR] Failed to load resource: the server responded with a status of 502 () @ https://api2.axiom.trade/lighthouse?v=1786187082305:0
[    3512ms] [ERROR] Failed to load resource: the server responded with a status of 502 () @ https://api2.axiom.trade/pair-stats-v3?pairAddress=EPjFWdd5AufqSSqeM2qN1xzybapC8G4wEGGkZwyTDt1v&v=1786187082299:0
[    3512ms] [ERROR] Failed to load resource: the server responded with a status of 502 () @ https://api2.axiom.trade/pair-info?pairAddress=EPjFWdd5AufqSSqeM2qN1xzybapC8G4wEGGkZwyTDt1v&v=1786187082300:0
[    3513ms] [ERROR] Failed to load resource: the server responded with a status of 502 () @ https://api2.axiom.trade/holder-data-v6?pairAddress=EPjFWdd5AufqSSqeM2qN1xzybapC8G4wEGGkZwyTDt1v&v=1786187082310:0
[    3513ms] [ERROR] Failed to load resource: the server responded with a status of 502 () @ https://api2.axiom.trade/top-traders-v6?pairAddress=EPjFWdd5AufqSSqeM2qN1xzybapC8G4wEGGkZwyTDt1v&onlyTrackedWallets=false&v=1786187082310:0
[    3513ms] [ERROR] Failed to load resource: the server responded with a status of 502 () @ https://api2.axiom.trade/get-announcement?v=1786187082311:0
[    3527ms] [ERROR] Failed to load resource: net::ERR_CERT_COMMON_NAME_INVALID @ https://polymarket.com/api/geoblock:0
[    3559ms] TypeError: Cannot read properties of undefined (reading '')
    at https://axiom.trade/_next/static/chunks/1844.b75a6f7d39f878e2.js?dpl=dpl_DYe22begE7WtbdA2wvqV8TzGG7Vb:1:45805
    at 331844 (https://axiom.trade/_next/static/chunks/1844.b75a6f7d39f878e2.js?dpl=dpl_DYe22begE7WtbdA2wvqV8TzGG7Vb:1:47782)
    at l (https://axiom.trade/_next/static/chunks/webpack-3313f669aab306eb.js?dpl=dpl_DYe22begE7WtbdA2wvqV8TzGG7Vb:1:167)
    at l.t (https://axiom.trade/_next/static/chunks/webpack-3313f669aab306eb.js?dpl=dpl_DYe22begE7WtbdA2wvqV8TzGG7Vb:1:1681)
[    3625ms] [ERROR] Failed to load resource: the server responded with a status of 502 () @ https://api.axiom.trade/pair-info?pairAddress=EPjFWdd5AufqSSqeM2qN1xzybapC8G4wEGGkZwyTDt1v&v=1786187083168:0
[    3625ms] [ERROR] Failed to load resource: the server responded with a status of 502 () @ https://api.axiom.trade/token-info-v2?pairAddress=EPjFWdd5AufqSSqeM2qN1xzybapC8G4wEGGkZwyTDt1v&v=1786187083167:0
[    3679ms] [ERROR] Failed to load resource: the server responded with a status of 502 () @ https://api6.axiom.trade/tracked-wallets-v4?v=1786187083140:0
[    3793ms] [ERROR] Failed to load resource: the server responded with a status of 502 () @ https://api9.axiom.trade/online-users-count?v=1786187083142:0
[    3794ms] [ERROR] Error fetching online users count: AxiosError: Request failed with status code 502
    at e$ (https://axiom.trade/_next/static/chunks/3911-49c3d7463780a318.js?dpl=dpl_DYe22begE7WtbdA2wvqV8TzGG7Vb:1:77503)
    at XMLHttpRequest.m (https://axiom.trade/_next/static/chunks/3911-49c3d7463780a318.js?dpl=dpl_DYe22begE7WtbdA2wvqV8TzGG7Vb:1:83391)
    at tw.request (https://axiom.trade/_next/static/chunks/3911-49c3d7463780a318.js?dpl=dpl_DYe22begE7WtbdA2wvqV8TzGG7Vb:1:95487)
    at async c (https://axiom.trade/_next/static/chunks/3966-dd338bd085c9b3dc.js?dpl=dpl_DYe22begE7WtbdA2wvqV8TzGG7Vb:1:2999)
    at async w (https://axiom.trade/_next/static/chunks/3966-dd338bd085c9b3dc.js?dpl=dpl_DYe22begE7WtbdA2wvqV8TzGG7Vb:5:5827)
    at async https://axiom.trade/_next/static/chunks/1272-428a1ed8fb52a446.js?dpl=dpl_DYe22begE7WtbdA2wvqV8TzGG7Vb:105:630030 @ https://axiom.trade/_next/static/chunks/1272-428a1ed8fb52a446.js?dpl=dpl_DYe22begE7WtbdA2wvqV8TzGG7Vb:104
[    3794ms] [ERROR] Failed to load resource: the server responded with a status of 502 () @ https://api9.axiom.trade/lighthouse?v=1786187083143:0
[    3794ms] [ERROR] Failed to fetch lighthouse data: AxiosError: Request failed with status code 502
    at e$ (https://axiom.trade/_next/static/chunks/3911-49c3d7463780a318.js?dpl=dpl_DYe22begE7WtbdA2wvqV8TzGG7Vb:1:77503)
    at XMLHttpRequest.m (https://axiom.trade/_next/static/chunks/3911-49c3d7463780a318.js?dpl=dpl_DYe22begE7WtbdA2wvqV8TzGG7Vb:1:83391)
    at tw.request (https://axiom.trade/_next/static/chunks/3911-49c3d7463780a318.js?dpl=dpl_DYe22begE7WtbdA2wvqV8TzGG7Vb:1:95487)
    at async c (https://axiom.trade/_next/static/chunks/3966-dd338bd085c9b3dc.js?dpl=dpl_DYe22begE7WtbdA2wvqV8TzGG7Vb:1:2999)
    at async w (https://axiom.trade/_next/static/chunks/3966-dd338bd085c9b3dc.js?dpl=dpl_DYe22begE7WtbdA2wvqV8TzGG7Vb:5:5827)
    at async https://axiom.trade/_next/static/chunks/1272-428a1ed8fb52a446.js?dpl=dpl_DYe22begE7WtbdA2wvqV8TzGG7Vb:36:356573 @ https://axiom.trade/_next/static/chunks/1272-428a1ed8fb52a446.js?dpl=dpl_DYe22begE7WtbdA2wvqV8TzGG7Vb:35
[    3794ms] [ERROR] Failed to load resource: the server responded with a status of 502 () @ https://api10.axiom.trade/get-alerts?v=1786187083141:0
[    3794ms] [ERROR] Failed to fetch price alerts: AxiosError: Request failed with status code 502
    at e$ (https://axiom.trade/_next/static/chunks/3911-49c3d7463780a318.js?dpl=dpl_DYe22begE7WtbdA2wvqV8TzGG7Vb:1:77503)
    at XMLHttpRequest.m (https://axiom.trade/_next/static/chunks/3911-49c3d7463780a318.js?dpl=dpl_DYe22begE7WtbdA2wvqV8TzGG7Vb:1:83391)
    at tw.request (https://axiom.trade/_next/static/chunks/3911-49c3d7463780a318.js?dpl=dpl_DYe22begE7WtbdA2wvqV8TzGG7Vb:1:95487)
    at async c (https://axiom.trade/_next/static/chunks/3966-dd338bd085c9b3dc.js?dpl=dpl_DYe22begE7WtbdA2wvqV8TzGG7Vb:1:2999)
    at async w (https://axiom.trade/_next/static/chunks/3966-dd338bd085c9b3dc.js?dpl=dpl_DYe22begE7WtbdA2wvqV8TzGG7Vb:5:5827)
    at async https://axiom.trade/_next/static/chunks/8783-e83ec4d3ba30febb.js?dpl=dpl_DYe22begE7WtbdA2wvqV8TzGG7Vb:1:786354 @ https://axiom.trade/_next/static/chunks/8783-e83ec4d3ba30febb.js?dpl=dpl_DYe22begE7WtbdA2wvqV8TzGG7Vb:0
[    3794ms] [ERROR] Failed to load resource: the server responded with a status of 502 () @ https://api10.axiom.trade/holder-data-v6?pairAddress=EPjFWdd5AufqSSqeM2qN1xzybapC8G4wEGGkZwyTDt1v&v=1786187083169:0
[    3795ms] [ERROR] Failed to load resource: the server responded with a status of 502 () @ https://api10.axiom.trade/top-traders-v6?pairAddress=EPjFWdd5AufqSSqeM2qN1xzybapC8G4wEGGkZwyTDt1v&onlyTrackedWallets=false&v=1786187083169:0
[    3795ms] [ERROR] Failed to load resource: the server responded with a status of 502 () @ https://api8.axiom.trade/watchlist-v2?v=1786187083142:0
[    3795ms] [ERROR] Failed to load resource: the server responded with a status of 502 () @ https://api3.axiom.trade/get-announcement?v=1786187083143:0
[    3795ms] [ERROR] Failed to fetch announcement: AxiosError: Request failed with status code 502
    at e$ (https://axiom.trade/_next/static/chunks/3911-49c3d7463780a318.js?dpl=dpl_DYe22begE7WtbdA2wvqV8TzGG7Vb:1:77503)
    at XMLHttpRequest.m (https://axiom.trade/_next/static/chunks/3911-49c3d7463780a318.js?dpl=dpl_DYe22begE7WtbdA2wvqV8TzGG7Vb:1:83391)
    at tw.request (https://axiom.trade/_next/static/chunks/3911-49c3d7463780a318.js?dpl=dpl_DYe22begE7WtbdA2wvqV8TzGG7Vb:1:95487)
    at async c (https://axiom.trade/_next/static/chunks/3966-dd338bd085c9b3dc.js?dpl=dpl_DYe22begE7WtbdA2wvqV8TzGG7Vb:1:2999)
    at async w (https://axiom.trade/_next/static/chunks/3966-dd338bd085c9b3dc.js?dpl=dpl_DYe22begE7WtbdA2wvqV8TzGG7Vb:5:5827)
    at async https://axiom.trade/_next/static/chunks/8783-e83ec4d3ba30febb.js?dpl=dpl_DYe22begE7WtbdA2wvqV8TzGG7Vb:5:60579 @ https://axiom.trade/_next/static/chunks/8783-e83ec4d3ba30febb.js?dpl=dpl_DYe22begE7WtbdA2wvqV8TzGG7Vb:4
[    3796ms] [ERROR] Failed to load resource: the server responded with a status of 502 () @ https://api3.axiom.trade/last-transaction?pairAddress=EPjFWdd5AufqSSqeM2qN1xzybapC8G4wEGGkZwyTDt1v&v=1786187083166:0
[    3797ms] [ERROR] Failed to load resource: the server responded with a status of 502 () @ https://api7.axiom.trade/pair-stats-v3?pairAddress=EPjFWdd5AufqSSqeM2qN1xzybapC8G4wEGGkZwyTDt1v&v=1786187083168:0
[    3920ms] [INFO] Banner not shown: beforeinstallpromptevent.preventDefault() called. The page must call beforeinstallpromptevent.prompt() to show the banner. @ https://axiom.trade/:0
[    4121ms] [ERROR] WebSocket connection to 'wss://cluster9.axiom.trade/' failed: HTTP Authentication failed; no valid credentials available @ https://axiom.trade/_next/static/chunks/1272-428a1ed8fb52a446.js?dpl=dpl_DYe22begE7WtbdA2wvqV8TzGG7Vb:104
[    4121ms] [ERROR] WebSocket connection error: {url: wss://cluster9.axiom.trade, connectionType: main, error: WebSocket error: error, timestamp: 2026-08-08T11:04:43.751Z} @ https://axiom.trade/_next/static/chunks/1272-428a1ed8fb52a446.js?dpl=dpl_DYe22begE7WtbdA2wvqV8TzGG7Vb:104
[    4272ms] [ERROR] Failed to load resource: the server responded with a status of 401 () @ https://api2-bnb.axiom.trade/tracked-wallets-v2:0
[    4272ms] [WARNING] Request failed with status code 401 @ https://axiom.trade/_next/static/chunks/1272-428a1ed8fb52a446.js?dpl=dpl_DYe22begE7WtbdA2wvqV8TzGG7Vb:0
[    4567ms] [WARNING] 2026-08-08T11:04:44.075Z:Chart.Pane:There is no main source with id _seriesId, total sources=0 @ https://axiom.trade/scripts/trading-view-lib/charting_library/bundles/library.0af1b675325abca1f353.js:17504
[    4601ms] [WARNING] 2026-08-08T11:04:44.110Z:Chart.Pane:There is no main source with id _seriesId, total sources=0 @ https://axiom.trade/scripts/trading-view-lib/charting_library/bundles/library.0af1b675325abca1f353.js:17504
[    4732ms] [ERROR] WebSocket connection to 'wss://cluster-global1-heavy.axiom.trade/' failed: HTTP Authentication failed; no valid credentials available @ https://axiom.trade/_next/static/chunks/1272-428a1ed8fb52a446.js?dpl=dpl_DYe22begE7WtbdA2wvqV8TzGG7Vb:104
[    4732ms] [ERROR] WebSocket connection error: {url: wss://cluster-global1-heavy.axiom.trade, connectionType: main_heavy, error: WebSocket error: error, timestamp: 2026-08-08T11:04:44.363Z} @ https://axiom.trade/_next/static/chunks/1272-428a1ed8fb52a446.js?dpl=dpl_DYe22begE7WtbdA2wvqV8TzGG7Vb:104
[    4840ms] [ERROR] Failed to load resource: the server responded with a status of 502 () @ https://api6.axiom.trade/token-info-v2?pairAddress=EPjFWdd5AufqSSqeM2qN1xzybapC8G4wEGGkZwyTDt1v&v=1786187084266:0
[    4844ms] [ERROR] Failed to load resource: the server responded with a status of 502 () @ https://api6.axiom.trade/tracked-wallets-v4?v=1786187084315:0
[    4891ms] [ERROR] WebSocket connection to 'wss://cluster9.axiom.trade/' failed: HTTP Authentication failed; no valid credentials available @ https://axiom.trade/_next/static/chunks/1272-428a1ed8fb52a446.js?dpl=dpl_DYe22begE7WtbdA2wvqV8TzGG7Vb:104
[    4891ms] [ERROR] WebSocket connection error: {url: wss://cluster9.axiom.trade, connectionType: main, error: WebSocket error: error, timestamp: 2026-08-08T11:04:44.522Z} @ https://axiom.trade/_next/static/chunks/1272-428a1ed8fb52a446.js?dpl=dpl_DYe22begE7WtbdA2wvqV8TzGG7Vb:104
[    4903ms] [ERROR] Failed to load resource: the server responded with a status of 502 () @ https://api6.axiom.trade/watchlist-v2?v=1786187084472:0
[    4904ms] [ERROR] Failed to load resource: the server responded with a status of 502 () @ https://api6.axiom.trade/last-transaction?pairAddress=EPjFWdd5AufqSSqeM2qN1xzybapC8G4wEGGkZwyTDt1v&v=1786187084473:0
[    4904ms] [ERROR] Failed to load resource: the server responded with a status of 502 () @ https://api6.axiom.trade/pair-stats-v3?pairAddress=EPjFWdd5AufqSSqeM2qN1xzybapC8G4wEGGkZwyTDt1v&v=1786187084473:0
[    4905ms] [ERROR] Failed to load resource: the server responded with a status of 502 () @ https://api.axiom.trade/tracked-wallets-v4?v=1786187084475:0
[    4909ms] [ERROR] Failed to load resource: the server responded with a status of 502 () @ https://api2.axiom.trade/token-info-v2?pairAddress=EPjFWdd5AufqSSqeM2qN1xzybapC8G4wEGGkZwyTDt1v&v=1786187084475:0
[    5025ms] [ERROR] Failed to load resource: the server responded with a status of 502 () @ https://api9.axiom.trade/last-transaction?pairAddress=EPjFWdd5AufqSSqeM2qN1xzybapC8G4wEGGkZwyTDt1v&v=1786187084536:0
[    5025ms] [ERROR] Failed to load resource: the server responded with a status of 502 () @ https://api8.axiom.trade/watchlist-v2?v=1786187084534:0
[    5026ms] [ERROR] Failed to load resource: the server responded with a status of 502 () @ https://api10.axiom.trade/pair-stats-v3?pairAddress=EPjFWdd5AufqSSqeM2qN1xzybapC8G4wEGGkZwyTDt1v&v=1786187084536:0
[    5482ms] [ERROR] Failed to load resource: the server responded with a status of 401 () @ https://api2-bnb.axiom.trade/tracked-wallets-v2:0
[    5484ms] [WARNING] Request failed with status code 401 @ https://axiom.trade/_next/static/chunks/1272-428a1ed8fb52a446.js?dpl=dpl_DYe22begE7WtbdA2wvqV8TzGG7Vb:0
[    5562ms] [ERROR] WebSocket connection to 'wss://cluster-global1-heavy.axiom.trade/' failed: HTTP Authentication failed; no valid credentials available @ https://axiom.trade/_next/static/chunks/1272-428a1ed8fb52a446.js?dpl=dpl_DYe22begE7WtbdA2wvqV8TzGG7Vb:104
[    5562ms] [ERROR] WebSocket connection error: {url: wss://cluster-global1-heavy.axiom.trade, connectionType: main_heavy, error: WebSocket error: error, timestamp: 2026-08-08T11:04:45.192Z} @ https://axiom.trade/_next/static/chunks/1272-428a1ed8fb52a446.js?dpl=dpl_DYe22begE7WtbdA2wvqV8TzGG7Vb:104
[    6118ms] [ERROR] WebSocket connection to 'wss://cluster9.axiom.trade/' failed: HTTP Authentication failed; no valid credentials available @ https://axiom.trade/_next/static/chunks/1272-428a1ed8fb52a446.js?dpl=dpl_DYe22begE7WtbdA2wvqV8TzGG7Vb:104
[    6118ms] [ERROR] WebSocket connection error: {url: wss://cluster9.axiom.trade, connectionType: main, error: WebSocket error: error, timestamp: 2026-08-08T11:04:45.749Z} @ https://axiom.trade/_next/static/chunks/1272-428a1ed8fb52a446.js?dpl=dpl_DYe22begE7WtbdA2wvqV8TzGG7Vb:104
[    6473ms] [ERROR] WebSocket connection to 'wss://cluster-global1-heavy.axiom.trade/' failed: HTTP Authentication failed; no valid credentials available @ https://axiom.trade/_next/static/chunks/1272-428a1ed8fb52a446.js?dpl=dpl_DYe22begE7WtbdA2wvqV8TzGG7Vb:104
[    6473ms] [ERROR] WebSocket connection error: {url: wss://cluster-global1-heavy.axiom.trade, connectionType: main_heavy, error: WebSocket error: error, timestamp: 2026-08-08T11:04:46.104Z} @ https://axiom.trade/_next/static/chunks/1272-428a1ed8fb52a446.js?dpl=dpl_DYe22begE7WtbdA2wvqV8TzGG7Vb:104
[    6979ms] [ERROR] Failed to load resource: the server responded with a status of 502 () @ https://api6.axiom.trade/tracked-wallets-v4?v=1786187086536:0
[    7028ms] [ERROR] Failed to load resource: the server responded with a status of 502 () @ https://api.axiom.trade/tracked-wallets-v4?v=1786187086609:0
[    7096ms] [ERROR] Failed to load resource: the server responded with a status of 502 () @ https://api9.axiom.trade/pair-stats-v3?pairAddress=EPjFWdd5AufqSSqeM2qN1xzybapC8G4wEGGkZwyTDt1v&v=1786187086665:0
[    7099ms] [ERROR] Failed to load resource: the server responded with a status of 502 () @ https://api9.axiom.trade/watchlist-v2?v=1786187086657:0
[    7101ms] [ERROR] Failed to load resource: the server responded with a status of 502 () @ https://api9.axiom.trade/last-transaction?pairAddress=EPjFWdd5AufqSSqeM2qN1xzybapC8G4wEGGkZwyTDt1v&v=1786187086657:0
[    7163ms] [ERROR] Failed to load resource: the server responded with a status of 502 () @ https://api6.axiom.trade/token-info-v2?pairAddress=EPjFWdd5AufqSSqeM2qN1xzybapC8G4wEGGkZwyTDt1v&v=1786187086545:0
[    7171ms] [ERROR] Failed to load resource: the server responded with a status of 502 () @ https://api6.axiom.trade/watchlist-v2?v=1786187086729:0
[    7173ms] [ERROR] Failed to load resource: the server responded with a status of 502 () @ https://api10.axiom.trade/pair-stats-v3?pairAddress=EPjFWdd5AufqSSqeM2qN1xzybapC8G4wEGGkZwyTDt1v&v=1786187086730:0
[    7174ms] [ERROR] Failed to load resource: the server responded with a status of 502 () @ https://api2.axiom.trade/last-transaction?pairAddress=EPjFWdd5AufqSSqeM2qN1xzybapC8G4wEGGkZwyTDt1v&v=1786187086732:0
[    7260ms] [ERROR] Failed to load resource: the server responded with a status of 502 () @ https://api9.axiom.trade/token-info-v2?pairAddress=EPjFWdd5AufqSSqeM2qN1xzybapC8G4wEGGkZwyTDt1v&v=1786187086797:0
[    7310ms] [ERROR] WebSocket connection to 'wss://cluster9.axiom.trade/' failed: HTTP Authentication failed; no valid credentials available @ https://axiom.trade/_next/static/chunks/1272-428a1ed8fb52a446.js?dpl=dpl_DYe22begE7WtbdA2wvqV8TzGG7Vb:104
[    7310ms] [ERROR] WebSocket connection error: {url: wss://cluster9.axiom.trade, connectionType: main, error: WebSocket error: error, timestamp: 2026-08-08T11:04:46.941Z} @ https://axiom.trade/_next/static/chunks/1272-428a1ed8fb52a446.js?dpl=dpl_DYe22begE7WtbdA2wvqV8TzGG7Vb:104
[    7681ms] [ERROR] Failed to load resource: the server responded with a status of 401 () @ https://api2-bnb.axiom.trade/tracked-wallets-v2:0
[    7685ms] [WARNING] Request failed with status code 401 @ https://axiom.trade/_next/static/chunks/1272-428a1ed8fb52a446.js?dpl=dpl_DYe22begE7WtbdA2wvqV8TzGG7Vb:0
[    8006ms] [ERROR] WebSocket connection to 'wss://cluster-global1-heavy.axiom.trade/' failed: HTTP Authentication failed; no valid credentials available @ https://axiom.trade/_next/static/chunks/1272-428a1ed8fb52a446.js?dpl=dpl_DYe22begE7WtbdA2wvqV8TzGG7Vb:104
[    8006ms] [ERROR] WebSocket connection error: {url: wss://cluster-global1-heavy.axiom.trade, connectionType: main_heavy, error: WebSocket error: error, timestamp: 2026-08-08T11:04:47.636Z} @ https://axiom.trade/_next/static/chunks/1272-428a1ed8fb52a446.js?dpl=dpl_DYe22begE7WtbdA2wvqV8TzGG7Vb:104
[    8947ms] [ERROR] WebSocket connection to 'wss://cluster9.axiom.trade/' failed: HTTP Authentication failed; no valid credentials available @ https://axiom.trade/_next/static/chunks/1272-428a1ed8fb52a446.js?dpl=dpl_DYe22begE7WtbdA2wvqV8TzGG7Vb:104
[    8948ms] [ERROR] WebSocket connection error: {url: wss://cluster9.axiom.trade, connectionType: main, error: WebSocket error: error, timestamp: 2026-08-08T11:04:48.578Z} @ https://axiom.trade/_next/static/chunks/1272-428a1ed8fb52a446.js?dpl=dpl_DYe22begE7WtbdA2wvqV8TzGG7Vb:104
[    9389ms] [ERROR] WebSocket connection to 'wss://cluster-global1-heavy.axiom.trade/' failed: HTTP Authentication failed; no valid credentials available @ https://axiom.trade/_next/static/chunks/1272-428a1ed8fb52a446.js?dpl=dpl_DYe22begE7WtbdA2wvqV8TzGG7Vb:104
[    9389ms] [ERROR] WebSocket connection error: {url: wss://cluster-global1-heavy.axiom.trade, connectionType: main_heavy, error: WebSocket error: error, timestamp: 2026-08-08T11:04:49.020Z} @ https://axiom.trade/_next/static/chunks/1272-428a1ed8fb52a446.js?dpl=dpl_DYe22begE7WtbdA2wvqV8TzGG7Vb:104
[    9742ms] [ERROR] Failed to load resource: the server responded with a status of 502 () @ https://api9.axiom.trade/top-traders-v6?pairAddress=EPjFWdd5AufqSSqeM2qN1xzybapC8G4wEGGkZwyTDt1v&onlyTrackedWallets=false&v=1786187089305:0
[    9787ms] [ERROR] Failed to load resource: the server responded with a status of 502 () @ https://api6.axiom.trade/top-traders-v6?pairAddress=EPjFWdd5AufqSSqeM2qN1xzybapC8G4wEGGkZwyTDt1v&onlyTrackedWallets=false&v=1786187089376:0
[   10734ms] [ERROR] Failed to load resource: the server responded with a status of 502 () @ https://api9.axiom.trade/holder-data-v6?pairAddress=EPjFWdd5AufqSSqeM2qN1xzybapC8G4wEGGkZwyTDt1v&v=1786187090306:0
[   10814ms] [ERROR] Failed to load resource: the server responded with a status of 502 () @ https://api2.axiom.trade/holder-data-v6?pairAddress=EPjFWdd5AufqSSqeM2qN1xzybapC8G4wEGGkZwyTDt1v&v=1786187090365:0
[   11100ms] [ERROR] Failed to load resource: the server responded with a status of 502 () @ https://api.axiom.trade/tracked-wallets-v4?v=1786187090665:0
[   11143ms] [ERROR] Failed to load resource: the server responded with a status of 502 () @ https://api10.axiom.trade/tracked-wallets-v4?v=1786187090731:0
[   11221ms] [ERROR] Failed to load resource: the server responded with a status of 502 () @ https://api.axiom.trade/watchlist-v2?v=1786187090806:0
[   11229ms] [ERROR] Failed to load resource: the server responded with a status of 502 () @ https://api.axiom.trade/pair-stats-v3?pairAddress=EPjFWdd5AufqSSqeM2qN1xzybapC8G4wEGGkZwyTDt1v&v=1786187090807:0
[   11234ms] [ERROR] Failed to load resource: the server responded with a status of 502 () @ https://api.axiom.trade/last-transaction?pairAddress=EPjFWdd5AufqSSqeM2qN1xzybapC8G4wEGGkZwyTDt1v&v=1786187090814:0
[   11278ms] [ERROR] Failed to load resource: the server responded with a status of 502 () @ https://api9.axiom.trade/watchlist-v2?v=1786187090852:0
[   11284ms] [ERROR] Failed to load resource: the server responded with a status of 502 () @ https://api2.axiom.trade/pair-stats-v3?pairAddress=EPjFWdd5AufqSSqeM2qN1xzybapC8G4wEGGkZwyTDt1v&v=1786187090862:0
[   11285ms] [ERROR] Failed to load resource: the server responded with a status of 502 () @ https://api6.axiom.trade/last-transaction?pairAddress=EPjFWdd5AufqSSqeM2qN1xzybapC8G4wEGGkZwyTDt1v&v=1786187090865:0
[   11334ms] [ERROR] Failed to load resource: the server responded with a status of 502 () @ https://api.axiom.trade/token-info-v2?pairAddress=EPjFWdd5AufqSSqeM2qN1xzybapC8G4wEGGkZwyTDt1v&v=1786187090895:0
[   11430ms] [ERROR] Failed to load resource: the server responded with a status of 502 () @ https://api7.axiom.trade/token-info-v2?pairAddress=EPjFWdd5AufqSSqeM2qN1xzybapC8G4wEGGkZwyTDt1v&v=1786187090966:0
[   11565ms] [ERROR] WebSocket connection to 'wss://cluster9.axiom.trade/' failed: HTTP Authentication failed; no valid credentials available @ https://axiom.trade/_next/static/chunks/1272-428a1ed8fb52a446.js?dpl=dpl_DYe22begE7WtbdA2wvqV8TzGG7Vb:104
[   11565ms] [ERROR] WebSocket connection error: {url: wss://cluster9.axiom.trade, connectionType: main, error: WebSocket error: error, timestamp: 2026-08-08T11:04:51.195Z} @ https://axiom.trade/_next/static/chunks/1272-428a1ed8fb52a446.js?dpl=dpl_DYe22begE7WtbdA2wvqV8TzGG7Vb:104
[   11884ms] [ERROR] Failed to load resource: the server responded with a status of 401 () @ https://api2-bnb.axiom.trade/tracked-wallets-v2:0
[   11887ms] [WARNING] Request failed with status code 401 @ https://axiom.trade/_next/static/chunks/1272-428a1ed8fb52a446.js?dpl=dpl_DYe22begE7WtbdA2wvqV8TzGG7Vb:0
[   12181ms] [ERROR] WebSocket connection to 'wss://cluster-global1-heavy.axiom.trade/' failed: HTTP Authentication failed; no valid credentials available @ https://axiom.trade/_next/static/chunks/1272-428a1ed8fb52a446.js?dpl=dpl_DYe22begE7WtbdA2wvqV8TzGG7Vb:104
[   12181ms] [ERROR] WebSocket connection error: {url: wss://cluster-global1-heavy.axiom.trade, connectionType: main_heavy, error: WebSocket error: error, timestamp: 2026-08-08T11:04:51.812Z} @ https://axiom.trade/_next/static/chunks/1272-428a1ed8fb52a446.js?dpl=dpl_DYe22begE7WtbdA2wvqV8TzGG7Vb:104
[   15256ms] [WARNING] The resource https://axiom.trade/_next/static/media/7d4881bb7e1bf84d-s.p.woff2?dpl=dpl_DYe22begE7WtbdA2wvqV8TzGG7Vb was preloaded using link preload but not used within a few seconds from the window's load event. Please make sure it has an appropriate `as` value and it is preloaded intentionally. @ https://axiom.trade/:0
[   15256ms] [WARNING] The resource https://axiom.trade/_next/static/media/22a5144ee8d83bca-s.p.woff2?dpl=dpl_DYe22begE7WtbdA2wvqV8TzGG7Vb was preloaded using link preload but not used within a few seconds from the window's load event. Please make sure it has an appropriate `as` value and it is preloaded intentionally. @ https://axiom.trade/:0
[   15256ms] [WARNING] The resource https://axiom.trade/_next/static/media/26d4368bf94c0ec4-s.p.woff2?dpl=dpl_DYe22begE7WtbdA2wvqV8TzGG7Vb was preloaded using link preload but not used within a few seconds from the window's load event. Please make sure it has an appropriate `as` value and it is preloaded intentionally. @ https://axiom.trade/:0
[   15256ms] [WARNING] The resource https://axiom.trade/_next/static/media/2bd0d0cfb0d443bc-s.p.woff?dpl=dpl_DYe22begE7WtbdA2wvqV8TzGG7Vb was preloaded using link preload but not used within a few seconds from the window's load event. Please make sure it has an appropriate `as` value and it is preloaded intentionally. @ https://axiom.trade/:0
[   15256ms] [WARNING] The resource https://axiom.trade/_next/static/media/24f44be2cf98e6f7-s.p.woff2?dpl=dpl_DYe22begE7WtbdA2wvqV8TzGG7Vb was preloaded using link preload but not used within a few seconds from the window's load event. Please make sure it has an appropriate `as` value and it is preloaded intentionally. @ https://axiom.trade/:0
[   16197ms] [ERROR] WebSocket connection to 'wss://cluster9.axiom.trade/' failed: HTTP Authentication failed; no valid credentials available @ https://axiom.trade/_next/static/chunks/1272-428a1ed8fb52a446.js?dpl=dpl_DYe22begE7WtbdA2wvqV8TzGG7Vb:104
[   16197ms] [ERROR] WebSocket connection error: {url: wss://cluster9.axiom.trade, connectionType: main, error: WebSocket error: error, timestamp: 2026-08-08T11:04:55.827Z} @ https://axiom.trade/_next/static/chunks/1272-428a1ed8fb52a446.js?dpl=dpl_DYe22begE7WtbdA2wvqV8TzGG7Vb:104
[   16722ms] [ERROR] Failed to load resource: the server responded with a status of 502 () @ https://api.axiom.trade/top-traders-v6?pairAddress=EPjFWdd5AufqSSqeM2qN1xzybapC8G4wEGGkZwyTDt1v&onlyTrackedWallets=false&v=1786187096306:0
[   16768ms] [ERROR] Failed to load resource: the server responded with a status of 502 () @ https://api6.axiom.trade/top-traders-v6?pairAddress=EPjFWdd5AufqSSqeM2qN1xzybapC8G4wEGGkZwyTDt1v&onlyTrackedWallets=false&v=1786187096356:0
[   16860ms] [ERROR] WebSocket connection to 'wss://cluster-global1-heavy.axiom.trade/' failed: HTTP Authentication failed; no valid credentials available @ https://axiom.trade/_next/static/chunks/1272-428a1ed8fb52a446.js?dpl=dpl_DYe22begE7WtbdA2wvqV8TzGG7Vb:104
[   16860ms] [ERROR] WebSocket connection error: {url: wss://cluster-global1-heavy.axiom.trade, connectionType: main_heavy, error: WebSocket error: error, timestamp: 2026-08-08T11:04:56.491Z} @ https://axiom.trade/_next/static/chunks/1272-428a1ed8fb52a446.js?dpl=dpl_DYe22begE7WtbdA2wvqV8TzGG7Vb:104
[   18719ms] [ERROR] Failed to load resource: the server responded with a status of 502 () @ https://api9.axiom.trade/holder-data-v6?pairAddress=EPjFWdd5AufqSSqeM2qN1xzybapC8G4wEGGkZwyTDt1v&v=1786187098305:0
[   18796ms] [ERROR] Failed to load resource: the server responded with a status of 502 () @ https://api7.axiom.trade/holder-data-v6?pairAddress=EPjFWdd5AufqSSqeM2qN1xzybapC8G4wEGGkZwyTDt1v&v=1786187098350:0
[   21805ms] [WARNING] The resource https://axiom.trade/_next/static/media/7d4881bb7e1bf84d-s.p.woff2?dpl=dpl_DYe22begE7WtbdA2wvqV8TzGG7Vb was preloaded using link preload but not used within a few seconds from the window's load event. Please make sure it has an appropriate `as` value and it is preloaded intentionally. @ https://axiom.trade/:0
[   21805ms] [WARNING] The resource https://axiom.trade/_next/static/media/22a5144ee8d83bca-s.p.woff2?dpl=dpl_DYe22begE7WtbdA2wvqV8TzGG7Vb was preloaded using link preload but not used within a few seconds from the window's load event. Please make sure it has an appropriate `as` value and it is preloaded intentionally. @ https://axiom.trade/:0
[   21805ms] [WARNING] The resource https://axiom.trade/_next/static/media/26d4368bf94c0ec4-s.p.woff2?dpl=dpl_DYe22begE7WtbdA2wvqV8TzGG7Vb was preloaded using link preload but not used within a few seconds from the window's load event. Please make sure it has an appropriate `as` value and it is preloaded intentionally. @ https://axiom.trade/:0
[   21805ms] [WARNING] The resource https://axiom.trade/_next/static/media/2bd0d0cfb0d443bc-s.p.woff?dpl=dpl_DYe22begE7WtbdA2wvqV8TzGG7Vb was preloaded using link preload but not used within a few seconds from the window's load event. Please make sure it has an appropriate `as` value and it is preloaded intentionally. @ https://axiom.trade/:0
[   21805ms] [WARNING] The resource https://axiom.trade/_next/static/media/24f44be2cf98e6f7-s.p.woff2?dpl=dpl_DYe22begE7WtbdA2wvqV8TzGG7Vb was preloaded using link preload but not used within a few seconds from the window's load event. Please make sure it has an appropriate `as` value and it is preloaded intentionally. @ https://axiom.trade/:0
[   23729ms] [ERROR] Failed to load resource: the server responded with a status of 502 () @ https://api9.axiom.trade/top-traders-v6?pairAddress=EPjFWdd5AufqSSqeM2qN1xzybapC8G4wEGGkZwyTDt1v&onlyTrackedWallets=false&v=1786187103306:0
[   23787ms] [ERROR] Failed to load resource: the server responded with a status of 502 () @ https://api.axiom.trade/top-traders-v6?pairAddress=EPjFWdd5AufqSSqeM2qN1xzybapC8G4wEGGkZwyTDt1v&onlyTrackedWallets=false&v=1786187103360:0
[   26728ms] [ERROR] Failed to load resource: the server responded with a status of 502 () @ https://api9.axiom.trade/holder-data-v6?pairAddress=EPjFWdd5AufqSSqeM2qN1xzybapC8G4wEGGkZwyTDt1v&v=1786187106304:0
[   26796ms] [ERROR] Failed to load resource: the server responded with a status of 502 () @ https://api8.axiom.trade/holder-data-v6?pairAddress=EPjFWdd5AufqSSqeM2qN1xzybapC8G4wEGGkZwyTDt1v&v=1786187106361:0
[   29804ms] [WARNING] The resource https://axiom.trade/_next/static/media/7d4881bb7e1bf84d-s.p.woff2?dpl=dpl_DYe22begE7WtbdA2wvqV8TzGG7Vb was preloaded using link preload but not used within a few seconds from the window's load event. Please make sure it has an appropriate `as` value and it is preloaded intentionally. @ https://axiom.trade/:0
[   29804ms] [WARNING] The resource https://axiom.trade/_next/static/media/22a5144ee8d83bca-s.p.woff2?dpl=dpl_DYe22begE7WtbdA2wvqV8TzGG7Vb was preloaded using link preload but not used within a few seconds from the window's load event. Please make sure it has an appropriate `as` value and it is preloaded intentionally. @ https://axiom.trade/:0
[   29804ms] [WARNING] The resource https://axiom.trade/_next/static/media/26d4368bf94c0ec4-s.p.woff2?dpl=dpl_DYe22begE7WtbdA2wvqV8TzGG7Vb was preloaded using link preload but not used within a few seconds from the window's load event. Please make sure it has an appropriate `as` value and it is preloaded intentionally. @ https://axiom.trade/:0
[   29804ms] [WARNING] The resource https://axiom.trade/_next/static/media/2bd0d0cfb0d443bc-s.p.woff?dpl=dpl_DYe22begE7WtbdA2wvqV8TzGG7Vb was preloaded using link preload but not used within a few seconds from the window's load event. Please make sure it has an appropriate `as` value and it is preloaded intentionally. @ https://axiom.trade/:0
[   29804ms] [WARNING] The resource https://axiom.trade/_next/static/media/24f44be2cf98e6f7-s.p.woff2?dpl=dpl_DYe22begE7WtbdA2wvqV8TzGG7Vb was preloaded using link preload but not used within a few seconds from the window's load event. Please make sure it has an appropriate `as` value and it is preloaded intentionally. @ https://axiom.trade/:0
[   30723ms] [ERROR] Failed to load resource: the server responded with a status of 502 () @ https://api9.axiom.trade/top-traders-v6?pairAddress=EPjFWdd5AufqSSqeM2qN1xzybapC8G4wEGGkZwyTDt1v&onlyTrackedWallets=false&v=1786187110306:0
[   30784ms] [ERROR] Failed to load resource: the server responded with a status of 502 () @ https://api3.axiom.trade/top-traders-v6?pairAddress=EPjFWdd5AufqSSqeM2qN1xzybapC8G4wEGGkZwyTDt1v&onlyTrackedWallets=false&v=1786187110356:0
[   34737ms] [ERROR] Failed to load resource: the server responded with a status of 502 () @ https://api9.axiom.trade/holder-data-v6?pairAddress=EPjFWdd5AufqSSqeM2qN1xzybapC8G4wEGGkZwyTDt1v&v=1786187114306:0
[   34840ms] [ERROR] Failed to load resource: the server responded with a status of 502 () @ https://api8.axiom.trade/holder-data-v6?pairAddress=EPjFWdd5AufqSSqeM2qN1xzybapC8G4wEGGkZwyTDt1v&v=1786187114370:0
[   37779ms] [ERROR] Failed to load resource: the server responded with a status of 502 () @ https://api9.axiom.trade/top-traders-v6?pairAddress=EPjFWdd5AufqSSqeM2qN1xzybapC8G4wEGGkZwyTDt1v&onlyTrackedWallets=false&v=1786187117306:0
[   37851ms] [ERROR] Failed to load resource: the server responded with a status of 502 () @ https://api.axiom.trade/top-traders-v6?pairAddress=EPjFWdd5AufqSSqeM2qN1xzybapC8G4wEGGkZwyTDt1v&onlyTrackedWallets=false&v=1786187117412:0
[   40864ms] [WARNING] The resource https://axiom.trade/_next/static/media/7d4881bb7e1bf84d-s.p.woff2?dpl=dpl_DYe22begE7WtbdA2wvqV8TzGG7Vb was preloaded using link preload but not used within a few seconds from the window's load event. Please make sure it has an appropriate `as` value and it is preloaded intentionally. @ https://axiom.trade/:0
[   40865ms] [WARNING] The resource https://axiom.trade/_next/static/media/22a5144ee8d83bca-s.p.woff2?dpl=dpl_DYe22begE7WtbdA2wvqV8TzGG7Vb was preloaded using link preload but not used within a few seconds from the window's load event. Please make sure it has an appropriate `as` value and it is preloaded intentionally. @ https://axiom.trade/:0
[   40865ms] [WARNING] The resource https://axiom.trade/_next/static/media/26d4368bf94c0ec4-s.p.woff2?dpl=dpl_DYe22begE7WtbdA2wvqV8TzGG7Vb was preloaded using link preload but not used within a few seconds from the window's load event. Please make sure it has an appropriate `as` value and it is preloaded intentionally. @ https://axiom.trade/:0
[   40865ms] [WARNING] The resource https://axiom.trade/_next/static/media/2bd0d0cfb0d443bc-s.p.woff?dpl=dpl_DYe22begE7WtbdA2wvqV8TzGG7Vb was preloaded using link preload but not used within a few seconds from the window's load event. Please make sure it has an appropriate `as` value and it is preloaded intentionally. @ https://axiom.trade/:0
[   40865ms] [WARNING] The resource https://axiom.trade/_next/static/media/24f44be2cf98e6f7-s.p.woff2?dpl=dpl_DYe22begE7WtbdA2wvqV8TzGG7Vb was preloaded using link preload but not used within a few seconds from the window's load event. Please make sure it has an appropriate `as` value and it is preloaded intentionally. @ https://axiom.trade/:0
[   42734ms] [ERROR] Failed to load resource: the server responded with a status of 502 () @ https://api2.axiom.trade/holder-data-v6?pairAddress=EPjFWdd5AufqSSqeM2qN1xzybapC8G4wEGGkZwyTDt1v&v=1786187122306:0
[   42786ms] [ERROR] Failed to load resource: the server responded with a status of 502 () @ https://api.axiom.trade/holder-data-v6?pairAddress=EPjFWdd5AufqSSqeM2qN1xzybapC8G4wEGGkZwyTDt1v&v=1786187122365:0
[   44738ms] [ERROR] Failed to load resource: the server responded with a status of 502 () @ https://api2.axiom.trade/top-traders-v6?pairAddress=EPjFWdd5AufqSSqeM2qN1xzybapC8G4wEGGkZwyTDt1v&onlyTrackedWallets=false&v=1786187124306:0
[   44797ms] [ERROR] Failed to load resource: the server responded with a status of 502 () @ https://api3.axiom.trade/top-traders-v6?pairAddress=EPjFWdd5AufqSSqeM2qN1xzybapC8G4wEGGkZwyTDt1v&onlyTrackedWallets=false&v=1786187124372:0
[   46897ms] [ERROR] WebSocket connection to 'wss://cluster9.axiom.trade/' failed: HTTP Authentication failed; no valid credentials available @ https://axiom.trade/_next/static/chunks/1272-428a1ed8fb52a446.js?dpl=dpl_DYe22begE7WtbdA2wvqV8TzGG7Vb:104
[   46897ms] [ERROR] WebSocket connection error: {url: wss://cluster9.axiom.trade, connectionType: main, error: WebSocket error: error, timestamp: 2026-08-08T11:05:26.527Z} @ https://axiom.trade/_next/static/chunks/1272-428a1ed8fb52a446.js?dpl=dpl_DYe22begE7WtbdA2wvqV8TzGG7Vb:104
[   47658ms] [ERROR] WebSocket connection to 'wss://cluster-global1-heavy.axiom.trade/' failed: HTTP Authentication failed; no valid credentials available @ https://axiom.trade/_next/static/chunks/1272-428a1ed8fb52a446.js?dpl=dpl_DYe22begE7WtbdA2wvqV8TzGG7Vb:104
[   47658ms] [ERROR] WebSocket connection error: {url: wss://cluster-global1-heavy.axiom.trade, connectionType: main_heavy, error: WebSocket error: error, timestamp: 2026-08-08T11:05:27.288Z} @ https://axiom.trade/_next/static/chunks/1272-428a1ed8fb52a446.js?dpl=dpl_DYe22begE7WtbdA2wvqV8TzGG7Vb:104
[   50730ms] [ERROR] Failed to load resource: the server responded with a status of 502 () @ https://api2.axiom.trade/holder-data-v6?pairAddress=EPjFWdd5AufqSSqeM2qN1xzybapC8G4wEGGkZwyTDt1v&v=1786187130305:0
[   50812ms] [ERROR] Failed to load resource: the server responded with a status of 502 () @ https://api8.axiom.trade/holder-data-v6?pairAddress=EPjFWdd5AufqSSqeM2qN1xzybapC8G4wEGGkZwyTDt1v&v=1786187130364:0
[   51814ms] [ERROR] Failed to load resource: the server responded with a status of 502 () @ https://api2.axiom.trade/top-traders-v6?pairAddress=EPjFWdd5AufqSSqeM2qN1xzybapC8G4wEGGkZwyTDt1v&onlyTrackedWallets=false&v=1786187131305:0
[   51865ms] [ERROR] Failed to load resource: the server responded with a status of 502 () @ https://api6.axiom.trade/top-traders-v6?pairAddress=EPjFWdd5AufqSSqeM2qN1xzybapC8G4wEGGkZwyTDt1v&onlyTrackedWallets=false&v=1786187131449:0
[   54874ms] [WARNING] The resource https://axiom.trade/_next/static/media/7d4881bb7e1bf84d-s.p.woff2?dpl=dpl_DYe22begE7WtbdA2wvqV8TzGG7Vb was preloaded using link preload but not used within a few seconds from the window's load event. Please make sure it has an appropriate `as` value and it is preloaded intentionally. @ https://axiom.trade/:0
[   54874ms] [WARNING] The resource https://axiom.trade/_next/static/media/22a5144ee8d83bca-s.p.woff2?dpl=dpl_DYe22begE7WtbdA2wvqV8TzGG7Vb was preloaded using link preload but not used within a few seconds from the window's load event. Please make sure it has an appropriate `as` value and it is preloaded intentionally. @ https://axiom.trade/:0
[   54874ms] [WARNING] The resource https://axiom.trade/_next/static/media/26d4368bf94c0ec4-s.p.woff2?dpl=dpl_DYe22begE7WtbdA2wvqV8TzGG7Vb was preloaded using link preload but not used within a few seconds from the window's load event. Please make sure it has an appropriate `as` value and it is preloaded intentionally. @ https://axiom.trade/:0
[   54874ms] [WARNING] The resource https://axiom.trade/_next/static/media/2bd0d0cfb0d443bc-s.p.woff?dpl=dpl_DYe22begE7WtbdA2wvqV8TzGG7Vb was preloaded using link preload but not used within a few seconds from the window's load event. Please make sure it has an appropriate `as` value and it is preloaded intentionally. @ https://axiom.trade/:0
[   54874ms] [WARNING] The resource https://axiom.trade/_next/static/media/24f44be2cf98e6f7-s.p.woff2?dpl=dpl_DYe22begE7WtbdA2wvqV8TzGG7Vb was preloaded using link preload but not used within a few seconds from the window's load event. Please make sure it has an appropriate `as` value and it is preloaded intentionally. @ https://axiom.trade/:0
[   58574ms] [WARNING] The resource https://axiom.trade/_next/static/media/7d4881bb7e1bf84d-s.p.woff2?dpl=dpl_DYe22begE7WtbdA2wvqV8TzGG7Vb was preloaded using link preload but not used within a few seconds from the window's load event. Please make sure it has an appropriate `as` value and it is preloaded intentionally. @ https://axiom.trade/:0
[   58574ms] [WARNING] The resource https://axiom.trade/_next/static/media/22a5144ee8d83bca-s.p.woff2?dpl=dpl_DYe22begE7WtbdA2wvqV8TzGG7Vb was preloaded using link preload but not used within a few seconds from the window's load event. Please make sure it has an appropriate `as` value and it is preloaded intentionally. @ https://axiom.trade/:0
[   58574ms] [WARNING] The resource https://axiom.trade/_next/static/media/26d4368bf94c0ec4-s.p.woff2?dpl=dpl_DYe22begE7WtbdA2wvqV8TzGG7Vb was preloaded using link preload but not used within a few seconds from the window's load event. Please make sure it has an appropriate `as` value and it is preloaded intentionally. @ https://axiom.trade/:0
[   58574ms] [WARNING] The resource https://axiom.trade/_next/static/media/2bd0d0cfb0d443bc-s.p.woff?dpl=dpl_DYe22begE7WtbdA2wvqV8TzGG7Vb was preloaded using link preload but not used within a few seconds from the window's load event. Please make sure it has an appropriate `as` value and it is preloaded intentionally. @ https://axiom.trade/:0
[   58574ms] [WARNING] The resource https://axiom.trade/_next/static/media/24f44be2cf98e6f7-s.p.woff2?dpl=dpl_DYe22begE7WtbdA2wvqV8TzGG7Vb was preloaded using link preload but not used within a few seconds from the window's load event. Please make sure it has an appropriate `as` value and it is preloaded intentionally. @ https://axiom.trade/:0
[   58765ms] [ERROR] Failed to load resource: the server responded with a status of 502 () @ https://api2.axiom.trade/top-traders-v6?pairAddress=EPjFWdd5AufqSSqeM2qN1xzybapC8G4wEGGkZwyTDt1v&onlyTrackedWallets=false&v=1786187138304:0
[   58767ms] [ERROR] Failed to load resource: the server responded with a status of 502 () @ https://api2.axiom.trade/holder-data-v6?pairAddress=EPjFWdd5AufqSSqeM2qN1xzybapC8G4wEGGkZwyTDt1v&v=1786187138305:0
[   58809ms] [ERROR] Failed to load resource: the server responded with a status of 502 () @ https://api9.axiom.trade/holder-data-v6?pairAddress=EPjFWdd5AufqSSqeM2qN1xzybapC8G4wEGGkZwyTDt1v&v=1786187138398:0
[   58816ms] [ERROR] Failed to load resource: the server responded with a status of 502 () @ https://api.axiom.trade/top-traders-v6?pairAddress=EPjFWdd5AufqSSqeM2qN1xzybapC8G4wEGGkZwyTDt1v&onlyTrackedWallets=false&v=1786187138396:0
[   63094ms] [WARNING] The resource https://axiom.trade/_next/static/media/7d4881bb7e1bf84d-s.p.woff2?dpl=dpl_DYe22begE7WtbdA2wvqV8TzGG7Vb was preloaded using link preload but not used within a few seconds from the window's load event. Please make sure it has an appropriate `as` value and it is preloaded intentionally. @ https://axiom.trade/:0
[   63094ms] [WARNING] The resource https://axiom.trade/_next/static/media/22a5144ee8d83bca-s.p.woff2?dpl=dpl_DYe22begE7WtbdA2wvqV8TzGG7Vb was preloaded using link preload but not used within a few seconds from the window's load event. Please make sure it has an appropriate `as` value and it is preloaded intentionally. @ https://axiom.trade/:0
[   63094ms] [WARNING] The resource https://axiom.trade/_next/static/media/26d4368bf94c0ec4-s.p.woff2?dpl=dpl_DYe22begE7WtbdA2wvqV8TzGG7Vb was preloaded using link preload but not used within a few seconds from the window's load event. Please make sure it has an appropriate `as` value and it is preloaded intentionally. @ https://axiom.trade/:0
[   63094ms] [WARNING] The resource https://axiom.trade/_next/static/media/2bd0d0cfb0d443bc-s.p.woff?dpl=dpl_DYe22begE7WtbdA2wvqV8TzGG7Vb was preloaded using link preload but not used within a few seconds from the window's load event. Please make sure it has an appropriate `as` value and it is preloaded intentionally. @ https://axiom.trade/:0
[   63094ms] [WARNING] The resource https://axiom.trade/_next/static/media/24f44be2cf98e6f7-s.p.woff2?dpl=dpl_DYe22begE7WtbdA2wvqV8TzGG7Vb was preloaded using link preload but not used within a few seconds from the window's load event. Please make sure it has an appropriate `as` value and it is preloaded intentionally. @ https://axiom.trade/:0
[   65868ms] [ERROR] Failed to load resource: the server responded with a status of 502 () @ https://api7.axiom.trade/top-traders-v6?pairAddress=EPjFWdd5AufqSSqeM2qN1xzybapC8G4wEGGkZwyTDt1v&onlyTrackedWallets=false&v=1786187145306:0
[   65913ms] [ERROR] Failed to load resource: the server responded with a status of 502 () @ https://api.axiom.trade/top-traders-v6?pairAddress=EPjFWdd5AufqSSqeM2qN1xzybapC8G4wEGGkZwyTDt1v&onlyTrackedWallets=false&v=1786187145501:0
[   66721ms] [ERROR] Failed to load resource: the server responded with a status of 502 () @ https://api7.axiom.trade/holder-data-v6?pairAddress=EPjFWdd5AufqSSqeM2qN1xzybapC8G4wEGGkZwyTDt1v&v=1786187146305:0
[   66767ms] [ERROR] Failed to load resource: the server responded with a status of 502 () @ https://api6.axiom.trade/holder-data-v6?pairAddress=EPjFWdd5AufqSSqeM2qN1xzybapC8G4wEGGkZwyTDt1v&v=1786187146352:0
[   69774ms] [WARNING] The resource https://axiom.trade/_next/static/media/7d4881bb7e1bf84d-s.p.woff2?dpl=dpl_DYe22begE7WtbdA2wvqV8TzGG7Vb was preloaded using link preload but not used within a few seconds from the window's load event. Please make sure it has an appropriate `as` value and it is preloaded intentionally. @ https://axiom.trade/:0
[   69774ms] [WARNING] The resource https://axiom.trade/_next/static/media/22a5144ee8d83bca-s.p.woff2?dpl=dpl_DYe22begE7WtbdA2wvqV8TzGG7Vb was preloaded using link preload but not used within a few seconds from the window's load event. Please make sure it has an appropriate `as` value and it is preloaded intentionally. @ https://axiom.trade/:0
[   69774ms] [WARNING] The resource https://axiom.trade/_next/static/media/26d4368bf94c0ec4-s.p.woff2?dpl=dpl_DYe22begE7WtbdA2wvqV8TzGG7Vb was preloaded using link preload but not used within a few seconds from the window's load event. Please make sure it has an appropriate `as` value and it is preloaded intentionally. @ https://axiom.trade/:0
[   69774ms] [WARNING] The resource https://axiom.trade/_next/static/media/2bd0d0cfb0d443bc-s.p.woff?dpl=dpl_DYe22begE7WtbdA2wvqV8TzGG7Vb was preloaded using link preload but not used within a few seconds from the window's load event. Please make sure it has an appropriate `as` value and it is preloaded intentionally. @ https://axiom.trade/:0
[   69774ms] [WARNING] The resource https://axiom.trade/_next/static/media/24f44be2cf98e6f7-s.p.woff2?dpl=dpl_DYe22begE7WtbdA2wvqV8TzGG7Vb was preloaded using link preload but not used within a few seconds from the window's load event. Please make sure it has an appropriate `as` value and it is preloaded intentionally. @ https://axiom.trade/:0
[   72718ms] [ERROR] Failed to load resource: the server responded with a status of 502 () @ https://api7.axiom.trade/top-traders-v6?pairAddress=EPjFWdd5AufqSSqeM2qN1xzybapC8G4wEGGkZwyTDt1v&onlyTrackedWallets=false&v=1786187152304:0
[   72762ms] [ERROR] Failed to load resource: the server responded with a status of 502 () @ https://api2.axiom.trade/top-traders-v6?pairAddress=EPjFWdd5AufqSSqeM2qN1xzybapC8G4wEGGkZwyTDt1v&onlyTrackedWallets=false&v=1786187152349:0
[   74722ms] [ERROR] Failed to load resource: the server responded with a status of 502 () @ https://api7.axiom.trade/holder-data-v6?pairAddress=EPjFWdd5AufqSSqeM2qN1xzybapC8G4wEGGkZwyTDt1v&v=1786187154305:0
[   74782ms] [ERROR] Failed to load resource: the server responded with a status of 502 () @ https://api9.axiom.trade/holder-data-v6?pairAddress=EPjFWdd5AufqSSqeM2qN1xzybapC8G4wEGGkZwyTDt1v&v=1786187154355:0
[   77514ms] [ERROR] WebSocket connection to 'wss://cluster9.axiom.trade/' failed: HTTP Authentication failed; no valid credentials available @ https://axiom.trade/_next/static/chunks/1272-428a1ed8fb52a446.js?dpl=dpl_DYe22begE7WtbdA2wvqV8TzGG7Vb:104
[   77514ms] [ERROR] WebSocket connection error: {url: wss://cluster9.axiom.trade, connectionType: main, error: WebSocket error: error, timestamp: 2026-08-08T11:05:57.144Z} @ https://axiom.trade/_next/static/chunks/1272-428a1ed8fb52a446.js?dpl=dpl_DYe22begE7WtbdA2wvqV8TzGG7Vb:104
[   78278ms] [ERROR] WebSocket connection to 'wss://cluster-global1-heavy.axiom.trade/' failed: HTTP Authentication failed; no valid credentials available @ https://axiom.trade/_next/static/chunks/1272-428a1ed8fb52a446.js?dpl=dpl_DYe22begE7WtbdA2wvqV8TzGG7Vb:104
[   78279ms] [ERROR] WebSocket connection error: {url: wss://cluster-global1-heavy.axiom.trade, connectionType: main_heavy, error: WebSocket error: error, timestamp: 2026-08-08T11:05:57.909Z} @ https://axiom.trade/_next/static/chunks/1272-428a1ed8fb52a446.js?dpl=dpl_DYe22begE7WtbdA2wvqV8TzGG7Vb:104
[   79766ms] [ERROR] Failed to load resource: the server responded with a status of 502 () @ https://api7.axiom.trade/top-traders-v6?pairAddress=EPjFWdd5AufqSSqeM2qN1xzybapC8G4wEGGkZwyTDt1v&onlyTrackedWallets=false&v=1786187159304:0
[   79807ms] [ERROR] Failed to load resource: the server responded with a status of 502 () @ https://api3.axiom.trade/top-traders-v6?pairAddress=EPjFWdd5AufqSSqeM2qN1xzybapC8G4wEGGkZwyTDt1v&onlyTrackedWallets=false&v=1786187159399:0
[   82721ms] [ERROR] Failed to load resource: the server responded with a status of 502 () @ https://api7.axiom.trade/holder-data-v6?pairAddress=EPjFWdd5AufqSSqeM2qN1xzybapC8G4wEGGkZwyTDt1v&v=1786187162304:0
[   82757ms] [ERROR] Failed to load resource: the server responded with a status of 502 () @ https://api.axiom.trade/holder-data-v6?pairAddress=EPjFWdd5AufqSSqeM2qN1xzybapC8G4wEGGkZwyTDt1v&v=1786187162353:0
[   86832ms] [ERROR] Failed to load resource: the server responded with a status of 502 () @ https://api3.axiom.trade/top-traders-v6?pairAddress=EPjFWdd5AufqSSqeM2qN1xzybapC8G4wEGGkZwyTDt1v&onlyTrackedWallets=false&v=1786187166303:0
[   86880ms] [ERROR] Failed to load resource: the server responded with a status of 502 () @ https://api9.axiom.trade/top-traders-v6?pairAddress=EPjFWdd5AufqSSqeM2qN1xzybapC8G4wEGGkZwyTDt1v&onlyTrackedWallets=false&v=1786187166465:0
[   90305ms] [WARNING] The resource https://axiom.trade/_next/static/media/7d4881bb7e1bf84d-s.p.woff2?dpl=dpl_DYe22begE7WtbdA2wvqV8TzGG7Vb was preloaded using link preload but not used within a few seconds from the window's load event. Please make sure it has an appropriate `as` value and it is preloaded intentionally. @ https://axiom.trade/:0
[   90305ms] [WARNING] The resource https://axiom.trade/_next/static/media/22a5144ee8d83bca-s.p.woff2?dpl=dpl_DYe22begE7WtbdA2wvqV8TzGG7Vb was preloaded using link preload but not used within a few seconds from the window's load event. Please make sure it has an appropriate `as` value and it is preloaded intentionally. @ https://axiom.trade/:0
[   90305ms] [WARNING] The resource https://axiom.trade/_next/static/media/26d4368bf94c0ec4-s.p.woff2?dpl=dpl_DYe22begE7WtbdA2wvqV8TzGG7Vb was preloaded using link preload but not used within a few seconds from the window's load event. Please make sure it has an appropriate `as` value and it is preloaded intentionally. @ https://axiom.trade/:0
[   90305ms] [WARNING] The resource https://axiom.trade/_next/static/media/2bd0d0cfb0d443bc-s.p.woff?dpl=dpl_DYe22begE7WtbdA2wvqV8TzGG7Vb was preloaded using link preload but not used within a few seconds from the window's load event. Please make sure it has an appropriate `as` value and it is preloaded intentionally. @ https://axiom.trade/:0
[   90305ms] [WARNING] The resource https://axiom.trade/_next/static/media/24f44be2cf98e6f7-s.p.woff2?dpl=dpl_DYe22begE7WtbdA2wvqV8TzGG7Vb was preloaded using link preload but not used within a few seconds from the window's load event. Please make sure it has an appropriate `as` value and it is preloaded intentionally. @ https://axiom.trade/:0
[   90719ms] [ERROR] Failed to load resource: the server responded with a status of 502 () @ https://api3.axiom.trade/holder-data-v6?pairAddress=EPjFWdd5AufqSSqeM2qN1xzybapC8G4wEGGkZwyTDt1v&v=1786187170304:0
[   90768ms] [ERROR] Failed to load resource: the server responded with a status of 502 () @ https://api2.axiom.trade/holder-data-v6?pairAddress=EPjFWdd5AufqSSqeM2qN1xzybapC8G4wEGGkZwyTDt1v&v=1786187170352:0
[   93729ms] [ERROR] Failed to load resource: the server responded with a status of 502 () @ https://api3.axiom.trade/top-traders-v6?pairAddress=EPjFWdd5AufqSSqeM2qN1xzybapC8G4wEGGkZwyTDt1v&onlyTrackedWallets=false&v=1786187173304:0
[   93783ms] [ERROR] Failed to load resource: the server responded with a status of 502 () @ https://api8.axiom.trade/top-traders-v6?pairAddress=EPjFWdd5AufqSSqeM2qN1xzybapC8G4wEGGkZwyTDt1v&onlyTrackedWallets=false&v=1786187173362:0
[   98224ms] [WARNING] The resource https://axiom.trade/_next/static/media/7d4881bb7e1bf84d-s.p.woff2?dpl=dpl_DYe22begE7WtbdA2wvqV8TzGG7Vb was preloaded using link preload but not used within a few seconds from the window's load event. Please make sure it has an appropriate `as` value and it is preloaded intentionally. @ https://axiom.trade/:0
[   98224ms] [WARNING] The resource https://axiom.trade/_next/static/media/22a5144ee8d83bca-s.p.woff2?dpl=dpl_DYe22begE7WtbdA2wvqV8TzGG7Vb was preloaded using link preload but not used within a few seconds from the window's load event. Please make sure it has an appropriate `as` value and it is preloaded intentionally. @ https://axiom.trade/:0
[   98224ms] [WARNING] The resource https://axiom.trade/_next/static/media/26d4368bf94c0ec4-s.p.woff2?dpl=dpl_DYe22begE7WtbdA2wvqV8TzGG7Vb was preloaded using link preload but not used within a few seconds from the window's load event. Please make sure it has an appropriate `as` value and it is preloaded intentionally. @ https://axiom.trade/:0
[   98224ms] [WARNING] The resource https://axiom.trade/_next/static/media/2bd0d0cfb0d443bc-s.p.woff?dpl=dpl_DYe22begE7WtbdA2wvqV8TzGG7Vb was preloaded using link preload but not used within a few seconds from the window's load event. Please make sure it has an appropriate `as` value and it is preloaded intentionally. @ https://axiom.trade/:0
[   98224ms] [WARNING] The resource https://axiom.trade/_next/static/media/24f44be2cf98e6f7-s.p.woff2?dpl=dpl_DYe22begE7WtbdA2wvqV8TzGG7Vb was preloaded using link preload but not used within a few seconds from the window's load event. Please make sure it has an appropriate `as` value and it is preloaded intentionally. @ https://axiom.trade/:0
[   98712ms] [ERROR] Failed to load resource: the server responded with a status of 502 () @ https://api3.axiom.trade/holder-data-v6?pairAddress=EPjFWdd5AufqSSqeM2qN1xzybapC8G4wEGGkZwyTDt1v&v=1786187178304:0
[   98755ms] [ERROR] Failed to load resource: the server responded with a status of 502 () @ https://api2.axiom.trade/holder-data-v6?pairAddress=EPjFWdd5AufqSSqeM2qN1xzybapC8G4wEGGkZwyTDt1v&v=1786187178345:0
[  100705ms] [ERROR] Failed to load resource: the server responded with a status of 502 () @ https://api3.axiom.trade/top-traders-v6?pairAddress=EPjFWdd5AufqSSqeM2qN1xzybapC8G4wEGGkZwyTDt1v&onlyTrackedWallets=false&v=1786187180304:0
[  100746ms] [ERROR] Failed to load resource: the server responded with a status of 502 () @ https://api9.axiom.trade/top-traders-v6?pairAddress=EPjFWdd5AufqSSqeM2qN1xzybapC8G4wEGGkZwyTDt1v&onlyTrackedWallets=false&v=1786187180336:0
[  103753ms] [WARNING] The resource https://axiom.trade/_next/static/media/7d4881bb7e1bf84d-s.p.woff2?dpl=dpl_DYe22begE7WtbdA2wvqV8TzGG7Vb was preloaded using link preload but not used within a few seconds from the window's load event. Please make sure it has an appropriate `as` value and it is preloaded intentionally. @ https://axiom.trade/:0
[  103753ms] [WARNING] The resource https://axiom.trade/_next/static/media/22a5144ee8d83bca-s.p.woff2?dpl=dpl_DYe22begE7WtbdA2wvqV8TzGG7Vb was preloaded using link preload but not used within a few seconds from the window's load event. Please make sure it has an appropriate `as` value and it is preloaded intentionally. @ https://axiom.trade/:0
[  103753ms] [WARNING] The resource https://axiom.trade/_next/static/media/26d4368bf94c0ec4-s.p.woff2?dpl=dpl_DYe22begE7WtbdA2wvqV8TzGG7Vb was preloaded using link preload but not used within a few seconds from the window's load event. Please make sure it has an appropriate `as` value and it is preloaded intentionally. @ https://axiom.trade/:0
[  103753ms] [WARNING] The resource https://axiom.trade/_next/static/media/2bd0d0cfb0d443bc-s.p.woff?dpl=dpl_DYe22begE7WtbdA2wvqV8TzGG7Vb was preloaded using link preload but not used within a few seconds from the window's load event. Please make sure it has an appropriate `as` value and it is preloaded intentionally. @ https://axiom.trade/:0
[  103753ms] [WARNING] The resource https://axiom.trade/_next/static/media/24f44be2cf98e6f7-s.p.woff2?dpl=dpl_DYe22begE7WtbdA2wvqV8TzGG7Vb was preloaded using link preload but not used within a few seconds from the window's load event. Please make sure it has an appropriate `as` value and it is preloaded intentionally. @ https://axiom.trade/:0
[  106712ms] [ERROR] Failed to load resource: the server responded with a status of 502 () @ https://api3.axiom.trade/holder-data-v6?pairAddress=EPjFWdd5AufqSSqeM2qN1xzybapC8G4wEGGkZwyTDt1v&v=1786187186304:0
[  106755ms] [ERROR] Failed to load resource: the server responded with a status of 502 () @ https://api9.axiom.trade/holder-data-v6?pairAddress=EPjFWdd5AufqSSqeM2qN1xzybapC8G4wEGGkZwyTDt1v&v=1786187186343:0
[  107715ms] [ERROR] Failed to load resource: the server responded with a status of 502 () @ https://api9.axiom.trade/top-traders-v6?pairAddress=EPjFWdd5AufqSSqeM2qN1xzybapC8G4wEGGkZwyTDt1v&onlyTrackedWallets=false&v=1786187187304:0
[  107757ms] [ERROR] Failed to load resource: the server responded with a status of 502 () @ https://api8.axiom.trade/top-traders-v6?pairAddress=EPjFWdd5AufqSSqeM2qN1xzybapC8G4wEGGkZwyTDt1v&onlyTrackedWallets=false&v=1786187187347:0
[  108180ms] [ERROR] WebSocket connection to 'wss://cluster9.axiom.trade/' failed: HTTP Authentication failed; no valid credentials available @ https://axiom.trade/_next/static/chunks/1272-428a1ed8fb52a446.js?dpl=dpl_DYe22begE7WtbdA2wvqV8TzGG7Vb:104
[  108180ms] [ERROR] WebSocket connection error: {url: wss://cluster9.axiom.trade, connectionType: main, error: WebSocket error: error, timestamp: 2026-08-08T11:06:27.811Z} @ https://axiom.trade/_next/static/chunks/1272-428a1ed8fb52a446.js?dpl=dpl_DYe22begE7WtbdA2wvqV8TzGG7Vb:104
[  108859ms] [ERROR] WebSocket connection to 'wss://cluster-global1-heavy.axiom.trade/' failed: HTTP Authentication failed; no valid credentials available @ https://axiom.trade/_next/static/chunks/1272-428a1ed8fb52a446.js?dpl=dpl_DYe22begE7WtbdA2wvqV8TzGG7Vb:104
[  108859ms] [ERROR] WebSocket connection error: {url: wss://cluster-global1-heavy.axiom.trade, connectionType: main_heavy, error: WebSocket error: error, timestamp: 2026-08-08T11:06:28.490Z} @ https://axiom.trade/_next/static/chunks/1272-428a1ed8fb52a446.js?dpl=dpl_DYe22begE7WtbdA2wvqV8TzGG7Vb:104
[  114707ms] [ERROR] Failed to load resource: the server responded with a status of 502 () @ https://api9.axiom.trade/top-traders-v6?pairAddress=EPjFWdd5AufqSSqeM2qN1xzybapC8G4wEGGkZwyTDt1v&onlyTrackedWallets=false&v=1786187194304:0
[  114714ms] [ERROR] Failed to load resource: the server responded with a status of 502 () @ https://api9.axiom.trade/holder-data-v6?pairAddress=EPjFWdd5AufqSSqeM2qN1xzybapC8G4wEGGkZwyTDt1v&v=1786187194305:0
[  114749ms] [ERROR] Failed to load resource: the server responded with a status of 502 () @ https://api.axiom.trade/top-traders-v6?pairAddress=EPjFWdd5AufqSSqeM2qN1xzybapC8G4wEGGkZwyTDt1v&onlyTrackedWallets=false&v=1786187194338:0
[  114754ms] [ERROR] Failed to load resource: the server responded with a status of 502 () @ https://api10.axiom.trade/holder-data-v6?pairAddress=EPjFWdd5AufqSSqeM2qN1xzybapC8G4wEGGkZwyTDt1v&v=1786187194347:0
[  117756ms] [WARNING] The resource https://axiom.trade/_next/static/media/7d4881bb7e1bf84d-s.p.woff2?dpl=dpl_DYe22begE7WtbdA2wvqV8TzGG7Vb was preloaded using link preload but not used within a few seconds from the window's load event. Please make sure it has an appropriate `as` value and it is preloaded intentionally. @ https://axiom.trade/:0
[  117756ms] [WARNING] The resource https://axiom.trade/_next/static/media/22a5144ee8d83bca-s.p.woff2?dpl=dpl_DYe22begE7WtbdA2wvqV8TzGG7Vb was preloaded using link preload but not used within a few seconds from the window's load event. Please make sure it has an appropriate `as` value and it is preloaded intentionally. @ https://axiom.trade/:0
[  117756ms] [WARNING] The resource https://axiom.trade/_next/static/media/26d4368bf94c0ec4-s.p.woff2?dpl=dpl_DYe22begE7WtbdA2wvqV8TzGG7Vb was preloaded using link preload but not used within a few seconds from the window's load event. Please make sure it has an appropriate `as` value and it is preloaded intentionally. @ https://axiom.trade/:0
[  117756ms] [WARNING] The resource https://axiom.trade/_next/static/media/2bd0d0cfb0d443bc-s.p.woff?dpl=dpl_DYe22begE7WtbdA2wvqV8TzGG7Vb was preloaded using link preload but not used within a few seconds from the window's load event. Please make sure it has an appropriate `as` value and it is preloaded intentionally. @ https://axiom.trade/:0
[  117756ms] [WARNING] The resource https://axiom.trade/_next/static/media/24f44be2cf98e6f7-s.p.woff2?dpl=dpl_DYe22begE7WtbdA2wvqV8TzGG7Vb was preloaded using link preload but not used within a few seconds from the window's load event. Please make sure it has an appropriate `as` value and it is preloaded intentionally. @ https://axiom.trade/:0
[  121720ms] [ERROR] Failed to load resource: the server responded with a status of 502 () @ https://api9.axiom.trade/top-traders-v6?pairAddress=EPjFWdd5AufqSSqeM2qN1xzybapC8G4wEGGkZwyTDt1v&onlyTrackedWallets=false&v=1786187201305:0
[  121765ms] [ERROR] Failed to load resource: the server responded with a status of 502 () @ https://api3.axiom.trade/top-traders-v6?pairAddress=EPjFWdd5AufqSSqeM2qN1xzybapC8G4wEGGkZwyTDt1v&onlyTrackedWallets=false&v=1786187201354:0
[  122709ms] [ERROR] Failed to load resource: the server responded with a status of 502 () @ https://api9.axiom.trade/holder-data-v6?pairAddress=EPjFWdd5AufqSSqeM2qN1xzybapC8G4wEGGkZwyTDt1v&v=1786187202304:0
[  122761ms] [ERROR] Failed to load resource: the server responded with a status of 502 () @ https://api.axiom.trade/holder-data-v6?pairAddress=EPjFWdd5AufqSSqeM2qN1xzybapC8G4wEGGkZwyTDt1v&v=1786187202340:0
[  128345ms] [WARNING] The resource https://axiom.trade/_next/static/media/7d4881bb7e1bf84d-s.p.woff2?dpl=dpl_DYe22begE7WtbdA2wvqV8TzGG7Vb was preloaded using link preload but not used within a few seconds from the window's load event. Please make sure it has an appropriate `as` value and it is preloaded intentionally. @ https://axiom.trade/:0
[  128345ms] [WARNING] The resource https://axiom.trade/_next/static/media/22a5144ee8d83bca-s.p.woff2?dpl=dpl_DYe22begE7WtbdA2wvqV8TzGG7Vb was preloaded using link preload but not used within a few seconds from the window's load event. Please make sure it has an appropriate `as` value and it is preloaded intentionally. @ https://axiom.trade/:0
[  128345ms] [WARNING] The resource https://axiom.trade/_next/static/media/26d4368bf94c0ec4-s.p.woff2?dpl=dpl_DYe22begE7WtbdA2wvqV8TzGG7Vb was preloaded using link preload but not used within a few seconds from the window's load event. Please make sure it has an appropriate `as` value and it is preloaded intentionally. @ https://axiom.trade/:0
[  128345ms] [WARNING] The resource https://axiom.trade/_next/static/media/2bd0d0cfb0d443bc-s.p.woff?dpl=dpl_DYe22begE7WtbdA2wvqV8TzGG7Vb was preloaded using link preload but not used within a few seconds from the window's load event. Please make sure it has an appropriate `as` value and it is preloaded intentionally. @ https://axiom.trade/:0
[  128345ms] [WARNING] The resource https://axiom.trade/_next/static/media/24f44be2cf98e6f7-s.p.woff2?dpl=dpl_DYe22begE7WtbdA2wvqV8TzGG7Vb was preloaded using link preload but not used within a few seconds from the window's load event. Please make sure it has an appropriate `as` value and it is preloaded intentionally. @ https://axiom.trade/:0
[  128717ms] [ERROR] Failed to load resource: the server responded with a status of 502 () @ https://api9.axiom.trade/top-traders-v6?pairAddress=EPjFWdd5AufqSSqeM2qN1xzybapC8G4wEGGkZwyTDt1v&onlyTrackedWallets=false&v=1786187208303:0
[  128761ms] [ERROR] Failed to load resource: the server responded with a status of 502 () @ https://api2.axiom.trade/top-traders-v6?pairAddress=EPjFWdd5AufqSSqeM2qN1xzybapC8G4wEGGkZwyTDt1v&onlyTrackedWallets=false&v=1786187208351:0
[  130849ms] [ERROR] Failed to load resource: the server responded with a status of 502 () @ https://api8.axiom.trade/holder-data-v6?pairAddress=EPjFWdd5AufqSSqeM2qN1xzybapC8G4wEGGkZwyTDt1v&v=1786187210304:0
[  130888ms] [ERROR] Failed to load resource: the server responded with a status of 502 () @ https://api3.axiom.trade/holder-data-v6?pairAddress=EPjFWdd5AufqSSqeM2qN1xzybapC8G4wEGGkZwyTDt1v&v=1786187210481:0
[  134643ms] [WARNING] The resource https://axiom.trade/_next/static/media/7d4881bb7e1bf84d-s.p.woff2?dpl=dpl_DYe22begE7WtbdA2wvqV8TzGG7Vb was preloaded using link preload but not used within a few seconds from the window's load event. Please make sure it has an appropriate `as` value and it is preloaded intentionally. @ https://axiom.trade/:0
[  134643ms] [WARNING] The resource https://axiom.trade/_next/static/media/22a5144ee8d83bca-s.p.woff2?dpl=dpl_DYe22begE7WtbdA2wvqV8TzGG7Vb was preloaded using link preload but not used within a few seconds from the window's load event. Please make sure it has an appropriate `as` value and it is preloaded intentionally. @ https://axiom.trade/:0
[  134643ms] [WARNING] The resource https://axiom.trade/_next/static/media/26d4368bf94c0ec4-s.p.woff2?dpl=dpl_DYe22begE7WtbdA2wvqV8TzGG7Vb was preloaded using link preload but not used within a few seconds from the window's load event. Please make sure it has an appropriate `as` value and it is preloaded intentionally. @ https://axiom.trade/:0
[  134643ms] [WARNING] The resource https://axiom.trade/_next/static/media/2bd0d0cfb0d443bc-s.p.woff?dpl=dpl_DYe22begE7WtbdA2wvqV8TzGG7Vb was preloaded using link preload but not used within a few seconds from the window's load event. Please make sure it has an appropriate `as` value and it is preloaded intentionally. @ https://axiom.trade/:0
[  134643ms] [WARNING] The resource https://axiom.trade/_next/static/media/24f44be2cf98e6f7-s.p.woff2?dpl=dpl_DYe22begE7WtbdA2wvqV8TzGG7Vb was preloaded using link preload but not used within a few seconds from the window's load event. Please make sure it has an appropriate `as` value and it is preloaded intentionally. @ https://axiom.trade/:0
[  135728ms] [ERROR] Failed to load resource: the server responded with a status of 502 () @ https://api8.axiom.trade/top-traders-v6?pairAddress=EPjFWdd5AufqSSqeM2qN1xzybapC8G4wEGGkZwyTDt1v&onlyTrackedWallets=false&v=1786187215303:0
[  135785ms] [ERROR] Failed to load resource: the server responded with a status of 502 () @ https://api.axiom.trade/top-traders-v6?pairAddress=EPjFWdd5AufqSSqeM2qN1xzybapC8G4wEGGkZwyTDt1v&onlyTrackedWallets=false&v=1786187215361:0
[  138717ms] [ERROR] Failed to load resource: the server responded with a status of 502 () @ https://api8.axiom.trade/holder-data-v6?pairAddress=EPjFWdd5AufqSSqeM2qN1xzybapC8G4wEGGkZwyTDt1v&v=1786187218304:0
[  138758ms] [ERROR] Failed to load resource: the server responded with a status of 502 () @ https://api10.axiom.trade/holder-data-v6?pairAddress=EPjFWdd5AufqSSqeM2qN1xzybapC8G4wEGGkZwyTDt1v&v=1786187218348:0
[  138946ms] [ERROR] WebSocket connection to 'wss://cluster9.axiom.trade/' failed: HTTP Authentication failed; no valid credentials available @ https://axiom.trade/_next/static/chunks/1272-428a1ed8fb52a446.js?dpl=dpl_DYe22begE7WtbdA2wvqV8TzGG7Vb:104
[  138946ms] [ERROR] WebSocket connection error: {url: wss://cluster9.axiom.trade, connectionType: main, error: WebSocket error: error, timestamp: 2026-08-08T11:06:58.576Z} @ https://axiom.trade/_next/static/chunks/1272-428a1ed8fb52a446.js?dpl=dpl_DYe22begE7WtbdA2wvqV8TzGG7Vb:104
[  139538ms] [ERROR] WebSocket connection to 'wss://cluster-global1-heavy.axiom.trade/' failed: HTTP Authentication failed; no valid credentials available @ https://axiom.trade/_next/static/chunks/1272-428a1ed8fb52a446.js?dpl=dpl_DYe22begE7WtbdA2wvqV8TzGG7Vb:104
[  139538ms] [ERROR] WebSocket connection error: {url: wss://cluster-global1-heavy.axiom.trade, connectionType: main_heavy, error: WebSocket error: error, timestamp: 2026-08-08T11:06:59.169Z} @ https://axiom.trade/_next/static/chunks/1272-428a1ed8fb52a446.js?dpl=dpl_DYe22begE7WtbdA2wvqV8TzGG7Vb:104
[  141764ms] [WARNING] The resource https://axiom.trade/_next/static/media/7d4881bb7e1bf84d-s.p.woff2?dpl=dpl_DYe22begE7WtbdA2wvqV8TzGG7Vb was preloaded using link preload but not used within a few seconds from the window's load event. Please make sure it has an appropriate `as` value and it is preloaded intentionally. @ https://axiom.trade/:0
[  141764ms] [WARNING] The resource https://axiom.trade/_next/static/media/22a5144ee8d83bca-s.p.woff2?dpl=dpl_DYe22begE7WtbdA2wvqV8TzGG7Vb was preloaded using link preload but not used within a few seconds from the window's load event. Please make sure it has an appropriate `as` value and it is preloaded intentionally. @ https://axiom.trade/:0
[  141764ms] [WARNING] The resource https://axiom.trade/_next/static/media/26d4368bf94c0ec4-s.p.woff2?dpl=dpl_DYe22begE7WtbdA2wvqV8TzGG7Vb was preloaded using link preload but not used within a few seconds from the window's load event. Please make sure it has an appropriate `as` value and it is preloaded intentionally. @ https://axiom.trade/:0
[  141764ms] [WARNING] The resource https://axiom.trade/_next/static/media/2bd0d0cfb0d443bc-s.p.woff?dpl=dpl_DYe22begE7WtbdA2wvqV8TzGG7Vb was preloaded using link preload but not used within a few seconds from the window's load event. Please make sure it has an appropriate `as` value and it is preloaded intentionally. @ https://axiom.trade/:0
[  141764ms] [WARNING] The resource https://axiom.trade/_next/static/media/24f44be2cf98e6f7-s.p.woff2?dpl=dpl_DYe22begE7WtbdA2wvqV8TzGG7Vb was preloaded using link preload but not used within a few seconds from the window's load event. Please make sure it has an appropriate `as` value and it is preloaded intentionally. @ https://axiom.trade/:0
[  142740ms] [ERROR] Failed to load resource: the server responded with a status of 502 () @ https://api8.axiom.trade/top-traders-v6?pairAddress=EPjFWdd5AufqSSqeM2qN1xzybapC8G4wEGGkZwyTDt1v&onlyTrackedWallets=false&v=1786187222304:0
[  142822ms] [ERROR] Failed to load resource: the server responded with a status of 502 () @ https://api3.axiom.trade/top-traders-v6?pairAddress=EPjFWdd5AufqSSqeM2qN1xzybapC8G4wEGGkZwyTDt1v&onlyTrackedWallets=false&v=1786187222373:0
[  146724ms] [ERROR] Failed to load resource: the server responded with a status of 502 () @ https://api8.axiom.trade/holder-data-v6?pairAddress=EPjFWdd5AufqSSqeM2qN1xzybapC8G4wEGGkZwyTDt1v&v=1786187226304:0
[  146791ms] [ERROR] Failed to load resource: the server responded with a status of 502 () @ https://api9.axiom.trade/holder-data-v6?pairAddress=EPjFWdd5AufqSSqeM2qN1xzybapC8G4wEGGkZwyTDt1v&v=1786187226357:0
[  149775ms] [ERROR] Failed to load resource: the server responded with a status of 502 () @ https://api8.axiom.trade/top-traders-v6?pairAddress=EPjFWdd5AufqSSqeM2qN1xzybapC8G4wEGGkZwyTDt1v&onlyTrackedWallets=false&v=1786187229304:0
[  149883ms] [ERROR] Failed to load resource: the server responded with a status of 502 () @ https://api6.axiom.trade/top-traders-v6?pairAddress=EPjFWdd5AufqSSqeM2qN1xzybapC8G4wEGGkZwyTDt1v&onlyTrackedWallets=false&v=1786187229408:0
[  154709ms] [ERROR] Failed to load resource: the server responded with a status of 502 () @ https://api7.axiom.trade/holder-data-v6?pairAddress=EPjFWdd5AufqSSqeM2qN1xzybapC8G4wEGGkZwyTDt1v&v=1786187234304:0
[  154748ms] [ERROR] Failed to load resource: the server responded with a status of 502 () @ https://api9.axiom.trade/holder-data-v6?pairAddress=EPjFWdd5AufqSSqeM2qN1xzybapC8G4wEGGkZwyTDt1v&v=1786187234340:0
[  156704ms] [ERROR] Failed to load resource: the server responded with a status of 502 () @ https://api7.axiom.trade/top-traders-v6?pairAddress=EPjFWdd5AufqSSqeM2qN1xzybapC8G4wEGGkZwyTDt1v&onlyTrackedWallets=false&v=1786187236303:0
[  156739ms] [ERROR] Failed to load resource: the server responded with a status of 502 () @ https://api2.axiom.trade/top-traders-v6?pairAddress=EPjFWdd5AufqSSqeM2qN1xzybapC8G4wEGGkZwyTDt1v&onlyTrackedWallets=false&v=1786187236335:0
[  162713ms] [ERROR] Failed to load resource: the server responded with a status of 502 () @ https://api7.axiom.trade/holder-data-v6?pairAddress=EPjFWdd5AufqSSqeM2qN1xzybapC8G4wEGGkZwyTDt1v&v=1786187242304:0
[  162758ms] [ERROR] Failed to load resource: the server responded with a status of 502 () @ https://api2.axiom.trade/holder-data-v6?pairAddress=EPjFWdd5AufqSSqeM2qN1xzybapC8G4wEGGkZwyTDt1v&v=1786187242346:0
[  163713ms] [ERROR] Failed to load resource: the server responded with a status of 502 () @ https://api7.axiom.trade/top-traders-v6?pairAddress=EPjFWdd5AufqSSqeM2qN1xzybapC8G4wEGGkZwyTDt1v&onlyTrackedWallets=false&v=1786187243303:0
[  163752ms] [ERROR] Failed to load resource: the server responded with a status of 502 () @ https://api9.axiom.trade/top-traders-v6?pairAddress=EPjFWdd5AufqSSqeM2qN1xzybapC8G4wEGGkZwyTDt1v&onlyTrackedWallets=false&v=1786187243347:0
[  166762ms] [WARNING] The resource https://axiom.trade/_next/static/media/7d4881bb7e1bf84d-s.p.woff2?dpl=dpl_DYe22begE7WtbdA2wvqV8TzGG7Vb was preloaded using link preload but not used within a few seconds from the window's load event. Please make sure it has an appropriate `as` value and it is preloaded intentionally. @ https://axiom.trade/:0
[  166762ms] [WARNING] The resource https://axiom.trade/_next/static/media/22a5144ee8d83bca-s.p.woff2?dpl=dpl_DYe22begE7WtbdA2wvqV8TzGG7Vb was preloaded using link preload but not used within a few seconds from the window's load event. Please make sure it has an appropriate `as` value and it is preloaded intentionally. @ https://axiom.trade/:0
[  166762ms] [WARNING] The resource https://axiom.trade/_next/static/media/26d4368bf94c0ec4-s.p.woff2?dpl=dpl_DYe22begE7WtbdA2wvqV8TzGG7Vb was preloaded using link preload but not used within a few seconds from the window's load event. Please make sure it has an appropriate `as` value and it is preloaded intentionally. @ https://axiom.trade/:0
[  166762ms] [WARNING] The resource https://axiom.trade/_next/static/media/2bd0d0cfb0d443bc-s.p.woff?dpl=dpl_DYe22begE7WtbdA2wvqV8TzGG7Vb was preloaded using link preload but not used within a few seconds from the window's load event. Please make sure it has an appropriate `as` value and it is preloaded intentionally. @ https://axiom.trade/:0
[  166762ms] [WARNING] The resource https://axiom.trade/_next/static/media/24f44be2cf98e6f7-s.p.woff2?dpl=dpl_DYe22begE7WtbdA2wvqV8TzGG7Vb was preloaded using link preload but not used within a few seconds from the window's load event. Please make sure it has an appropriate `as` value and it is preloaded intentionally. @ https://axiom.trade/:0
[  169591ms] [ERROR] WebSocket connection to 'wss://cluster9.axiom.trade/' failed: HTTP Authentication failed; no valid credentials available @ https://axiom.trade/_next/static/chunks/1272-428a1ed8fb52a446.js?dpl=dpl_DYe22begE7WtbdA2wvqV8TzGG7Vb:104
[  169591ms] [ERROR] WebSocket connection error: {url: wss://cluster9.axiom.trade, connectionType: main, error: WebSocket error: error, timestamp: 2026-08-08T11:07:29.221Z} @ https://axiom.trade/_next/static/chunks/1272-428a1ed8fb52a446.js?dpl=dpl_DYe22begE7WtbdA2wvqV8TzGG7Vb:104
[  170220ms] [ERROR] WebSocket connection to 'wss://cluster-global1-heavy.axiom.trade/' failed: HTTP Authentication failed; no valid credentials available @ https://axiom.trade/_next/static/chunks/1272-428a1ed8fb52a446.js?dpl=dpl_DYe22begE7WtbdA2wvqV8TzGG7Vb:104
[  170221ms] [ERROR] WebSocket connection error: {url: wss://cluster-global1-heavy.axiom.trade, connectionType: main_heavy, error: WebSocket error: error, timestamp: 2026-08-08T11:07:29.851Z} @ https://axiom.trade/_next/static/chunks/1272-428a1ed8fb52a446.js?dpl=dpl_DYe22begE7WtbdA2wvqV8TzGG7Vb:104
[  170728ms] [ERROR] Failed to load resource: the server responded with a status of 502 () @ https://api7.axiom.trade/holder-data-v6?pairAddress=EPjFWdd5AufqSSqeM2qN1xzybapC8G4wEGGkZwyTDt1v&v=1786187250304:0
[  170894ms] [ERROR] Failed to load resource: the server responded with a status of 502 () @ https://api6.axiom.trade/holder-data-v6?pairAddress=EPjFWdd5AufqSSqeM2qN1xzybapC8G4wEGGkZwyTDt1v&v=1786187250359:0
[  170897ms] [ERROR] Failed to load resource: the server responded with a status of 502 () @ https://api7.axiom.trade/top-traders-v6?pairAddress=EPjFWdd5AufqSSqeM2qN1xzybapC8G4wEGGkZwyTDt1v&onlyTrackedWallets=false&v=1786187250303:0
[  171000ms] [ERROR] Failed to load resource: the server responded with a status of 502 () @ https://api6.axiom.trade/top-traders-v6?pairAddress=EPjFWdd5AufqSSqeM2qN1xzybapC8G4wEGGkZwyTDt1v&onlyTrackedWallets=false&v=1786187250530:0
[  174003ms] [WARNING] The resource https://axiom.trade/_next/static/media/7d4881bb7e1bf84d-s.p.woff2?dpl=dpl_DYe22begE7WtbdA2wvqV8TzGG7Vb was preloaded using link preload but not used within a few seconds from the window's load event. Please make sure it has an appropriate `as` value and it is preloaded intentionally. @ https://axiom.trade/:0
[  174003ms] [WARNING] The resource https://axiom.trade/_next/static/media/22a5144ee8d83bca-s.p.woff2?dpl=dpl_DYe22begE7WtbdA2wvqV8TzGG7Vb was preloaded using link preload but not used within a few seconds from the window's load event. Please make sure it has an appropriate `as` value and it is preloaded intentionally. @ https://axiom.trade/:0
[  174003ms] [WARNING] The resource https://axiom.trade/_next/static/media/26d4368bf94c0ec4-s.p.woff2?dpl=dpl_DYe22begE7WtbdA2wvqV8TzGG7Vb was preloaded using link preload but not used within a few seconds from the window's load event. Please make sure it has an appropriate `as` value and it is preloaded intentionally. @ https://axiom.trade/:0
[  174003ms] [WARNING] The resource https://axiom.trade/_next/static/media/2bd0d0cfb0d443bc-s.p.woff?dpl=dpl_DYe22begE7WtbdA2wvqV8TzGG7Vb was preloaded using link preload but not used within a few seconds from the window's load event. Please make sure it has an appropriate `as` value and it is preloaded intentionally. @ https://axiom.trade/:0
[  174003ms] [WARNING] The resource https://axiom.trade/_next/static/media/24f44be2cf98e6f7-s.p.woff2?dpl=dpl_DYe22begE7WtbdA2wvqV8TzGG7Vb was preloaded using link preload but not used within a few seconds from the window's load event. Please make sure it has an appropriate `as` value and it is preloaded intentionally. @ https://axiom.trade/:0
[  177962ms] [ERROR] Failed to load resource: the server responded with a status of 502 () @ https://api9.axiom.trade/top-traders-v6?pairAddress=EPjFWdd5AufqSSqeM2qN1xzybapC8G4wEGGkZwyTDt1v&onlyTrackedWallets=false&v=1786187257304:0
[  178065ms] [ERROR] Failed to load resource: the server responded with a status of 502 () @ https://api7.axiom.trade/top-traders-v6?pairAddress=EPjFWdd5AufqSSqeM2qN1xzybapC8G4wEGGkZwyTDt1v&onlyTrackedWallets=false&v=1786187257594:0
[  178907ms] [ERROR] Failed to load resource: the server responded with a status of 502 () @ https://api9.axiom.trade/holder-data-v6?pairAddress=EPjFWdd5AufqSSqeM2qN1xzybapC8G4wEGGkZwyTDt1v&v=1786187258302:0
[  178982ms] [ERROR] Failed to load resource: the server responded with a status of 502 () @ https://api6.axiom.trade/holder-data-v6?pairAddress=EPjFWdd5AufqSSqeM2qN1xzybapC8G4wEGGkZwyTDt1v&v=1786187258538:0
[  184917ms] [ERROR] Failed to load resource: the server responded with a status of 502 () @ https://api9.axiom.trade/top-traders-v6?pairAddress=EPjFWdd5AufqSSqeM2qN1xzybapC8G4wEGGkZwyTDt1v&onlyTrackedWallets=false&v=1786187264304:0
[  184974ms] [ERROR] Failed to load resource: the server responded with a status of 502 () @ https://api.axiom.trade/top-traders-v6?pairAddress=EPjFWdd5AufqSSqeM2qN1xzybapC8G4wEGGkZwyTDt1v&onlyTrackedWallets=false&v=1786187264551:0
[  186753ms] [ERROR] Failed to load resource: the server responded with a status of 502 () @ https://api9.axiom.trade/holder-data-v6?pairAddress=EPjFWdd5AufqSSqeM2qN1xzybapC8G4wEGGkZwyTDt1v&v=1786187266303:0
[  186851ms] [ERROR] Failed to load resource: the server responded with a status of 502 () @ https://api2.axiom.trade/holder-data-v6?pairAddress=EPjFWdd5AufqSSqeM2qN1xzybapC8G4wEGGkZwyTDt1v&v=1786187266385:0
[  190542ms] [WARNING] The resource https://axiom.trade/_next/static/media/7d4881bb7e1bf84d-s.p.woff2?dpl=dpl_DYe22begE7WtbdA2wvqV8TzGG7Vb was preloaded using link preload but not used within a few seconds from the window's load event. Please make sure it has an appropriate `as` value and it is preloaded intentionally. @ https://axiom.trade/:0
[  190542ms] [WARNING] The resource https://axiom.trade/_next/static/media/22a5144ee8d83bca-s.p.woff2?dpl=dpl_DYe22begE7WtbdA2wvqV8TzGG7Vb was preloaded using link preload but not used within a few seconds from the window's load event. Please make sure it has an appropriate `as` value and it is preloaded intentionally. @ https://axiom.trade/:0
[  190542ms] [WARNING] The resource https://axiom.trade/_next/static/media/26d4368bf94c0ec4-s.p.woff2?dpl=dpl_DYe22begE7WtbdA2wvqV8TzGG7Vb was preloaded using link preload but not used within a few seconds from the window's load event. Please make sure it has an appropriate `as` value and it is preloaded intentionally. @ https://axiom.trade/:0
[  190542ms] [WARNING] The resource https://axiom.trade/_next/static/media/2bd0d0cfb0d443bc-s.p.woff?dpl=dpl_DYe22begE7WtbdA2wvqV8TzGG7Vb was preloaded using link preload but not used within a few seconds from the window's load event. Please make sure it has an appropriate `as` value and it is preloaded intentionally. @ https://axiom.trade/:0
[  190542ms] [WARNING] The resource https://axiom.trade/_next/static/media/24f44be2cf98e6f7-s.p.woff2?dpl=dpl_DYe22begE7WtbdA2wvqV8TzGG7Vb was preloaded using link preload but not used within a few seconds from the window's load event. Please make sure it has an appropriate `as` value and it is preloaded intentionally. @ https://axiom.trade/:0
[  191739ms] [ERROR] Failed to load resource: the server responded with a status of 502 () @ https://api9.axiom.trade/top-traders-v6?pairAddress=EPjFWdd5AufqSSqeM2qN1xzybapC8G4wEGGkZwyTDt1v&onlyTrackedWallets=false&v=1786187271303:0
[  191924ms] [ERROR] Failed to load resource: the server responded with a status of 502 () @ https://api2.axiom.trade/top-traders-v6?pairAddress=EPjFWdd5AufqSSqeM2qN1xzybapC8G4wEGGkZwyTDt1v&onlyTrackedWallets=false&v=1786187271371:0
[  194721ms] [ERROR] Failed to load resource: the server responded with a status of 502 () @ https://api9.axiom.trade/holder-data-v6?pairAddress=EPjFWdd5AufqSSqeM2qN1xzybapC8G4wEGGkZwyTDt1v&v=1786187274303:0
[  194779ms] [ERROR] Failed to load resource: the server responded with a status of 502 () @ https://api.axiom.trade/holder-data-v6?pairAddress=EPjFWdd5AufqSSqeM2qN1xzybapC8G4wEGGkZwyTDt1v&v=1786187274356:0
[  199656ms] [ERROR] Failed to load resource: the server responded with a status of 502 () @ https://api8.axiom.trade/top-traders-v6?pairAddress=EPjFWdd5AufqSSqeM2qN1xzybapC8G4wEGGkZwyTDt1v&onlyTrackedWallets=false&v=1786187278303:0
[  201907ms] [ERROR] Failed to load resource: the server responded with a status of 502 () @ https://api.axiom.trade/top-traders-v6?pairAddress=EPjFWdd5AufqSSqeM2qN1xzybapC8G4wEGGkZwyTDt1v&onlyTrackedWallets=false&v=1786187279287:0
[  202990ms] [ERROR] WebSocket connection to 'wss://cluster9.axiom.trade/' failed: HTTP Authentication failed; no valid credentials available @ https://axiom.trade/_next/static/chunks/1272-428a1ed8fb52a446.js?dpl=dpl_DYe22begE7WtbdA2wvqV8TzGG7Vb:104
[  202991ms] [ERROR] WebSocket connection error: {url: wss://cluster9.axiom.trade, connectionType: main, error: WebSocket error: error, timestamp: 2026-08-08T11:08:02.621Z} @ https://axiom.trade/_next/static/chunks/1272-428a1ed8fb52a446.js?dpl=dpl_DYe22begE7WtbdA2wvqV8TzGG7Vb:104
[  203367ms] [ERROR] WebSocket connection to 'wss://cluster-global1-heavy.axiom.trade/' failed: HTTP Authentication failed; no valid credentials available @ https://axiom.trade/_next/static/chunks/1272-428a1ed8fb52a446.js?dpl=dpl_DYe22begE7WtbdA2wvqV8TzGG7Vb:104
[  203367ms] [ERROR] WebSocket connection error: {url: wss://cluster-global1-heavy.axiom.trade, connectionType: main_heavy, error: WebSocket error: error, timestamp: 2026-08-08T11:08:02.997Z} @ https://axiom.trade/_next/static/chunks/1272-428a1ed8fb52a446.js?dpl=dpl_DYe22begE7WtbdA2wvqV8TzGG7Vb:104
[  203566ms] [ERROR] Failed to load resource: the server responded with a status of 502 () @ https://api8.axiom.trade/holder-data-v6?pairAddress=EPjFWdd5AufqSSqeM2qN1xzybapC8G4wEGGkZwyTDt1v&v=1786187282304:0
[  203814ms] [ERROR] Failed to load resource: the server responded with a status of 502 () @ https://api10.axiom.trade/holder-data-v6?pairAddress=EPjFWdd5AufqSSqeM2qN1xzybapC8G4wEGGkZwyTDt1v&v=1786187283199:0
[  206650ms] [ERROR] Failed to load resource: the server responded with a status of 502 () @ https://api8.axiom.trade/top-traders-v6?pairAddress=EPjFWdd5AufqSSqeM2qN1xzybapC8G4wEGGkZwyTDt1v&onlyTrackedWallets=false&v=1786187285303:0
[  206930ms] [ERROR] Failed to load resource: the server responded with a status of 502 () @ https://api2.axiom.trade/top-traders-v6?pairAddress=EPjFWdd5AufqSSqeM2qN1xzybapC8G4wEGGkZwyTDt1v&onlyTrackedWallets=false&v=1786187286285:0
[  210815ms] [ERROR] Failed to load resource: the server responded with a status of 502 () @ https://api8.axiom.trade/holder-data-v6?pairAddress=EPjFWdd5AufqSSqeM2qN1xzybapC8G4wEGGkZwyTDt1v&v=1786187290303:0
[  210875ms] [ERROR] Failed to load resource: the server responded with a status of 502 () @ https://api.axiom.trade/holder-data-v6?pairAddress=EPjFWdd5AufqSSqeM2qN1xzybapC8G4wEGGkZwyTDt1v&v=1786187290448:0
[  212900ms] [ERROR] Failed to load resource: the server responded with a status of 502 () @ https://api8.axiom.trade/top-traders-v6?pairAddress=EPjFWdd5AufqSSqeM2qN1xzybapC8G4wEGGkZwyTDt1v&onlyTrackedWallets=false&v=1786187292302:0
[  212960ms] [ERROR] Failed to load resource: the server responded with a status of 502 () @ https://api2.axiom.trade/top-traders-v6?pairAddress=EPjFWdd5AufqSSqeM2qN1xzybapC8G4wEGGkZwyTDt1v&onlyTrackedWallets=false&v=1786187292531:0
[  216860ms] [ERROR] Failed to load resource: net::ERR_CONNECTION_CLOSED @ https://tyo1.secure.nozomi.temporal.xyz/ping:0
[  219109ms] [ERROR] Failed to load resource: the server responded with a status of 502 () @ https://api8.axiom.trade/holder-data-v6?pairAddress=EPjFWdd5AufqSSqeM2qN1xzybapC8G4wEGGkZwyTDt1v&v=1786187298302:0
[  219261ms] [ERROR] Failed to load resource: the server responded with a status of 502 () @ https://api2.axiom.trade/holder-data-v6?pairAddress=EPjFWdd5AufqSSqeM2qN1xzybapC8G4wEGGkZwyTDt1v&v=1786187298740:0
[  220040ms] [ERROR] Failed to load resource: the server responded with a status of 502 () @ https://api7.axiom.trade/top-traders-v6?pairAddress=EPjFWdd5AufqSSqeM2qN1xzybapC8G4wEGGkZwyTDt1v&onlyTrackedWallets=false&v=1786187299303:0
[  220742ms] [ERROR] Failed to load resource: the server responded with a status of 502 () @ https://api10.axiom.trade/top-traders-v6?pairAddress=EPjFWdd5AufqSSqeM2qN1xzybapC8G4wEGGkZwyTDt1v&onlyTrackedWallets=false&v=1786187299671:0
[  223752ms] [WARNING] The resource https://axiom.trade/_next/static/media/7d4881bb7e1bf84d-s.p.woff2?dpl=dpl_DYe22begE7WtbdA2wvqV8TzGG7Vb was preloaded using link preload but not used within a few seconds from the window's load event. Please make sure it has an appropriate `as` value and it is preloaded intentionally. @ https://axiom.trade/:0
[  223752ms] [WARNING] The resource https://axiom.trade/_next/static/media/22a5144ee8d83bca-s.p.woff2?dpl=dpl_DYe22begE7WtbdA2wvqV8TzGG7Vb was preloaded using link preload but not used within a few seconds from the window's load event. Please make sure it has an appropriate `as` value and it is preloaded intentionally. @ https://axiom.trade/:0
[  223752ms] [WARNING] The resource https://axiom.trade/_next/static/media/26d4368bf94c0ec4-s.p.woff2?dpl=dpl_DYe22begE7WtbdA2wvqV8TzGG7Vb was preloaded using link preload but not used within a few seconds from the window's load event. Please make sure it has an appropriate `as` value and it is preloaded intentionally. @ https://axiom.trade/:0
[  223752ms] [WARNING] The resource https://axiom.trade/_next/static/media/2bd0d0cfb0d443bc-s.p.woff?dpl=dpl_DYe22begE7WtbdA2wvqV8TzGG7Vb was preloaded using link preload but not used within a few seconds from the window's load event. Please make sure it has an appropriate `as` value and it is preloaded intentionally. @ https://axiom.trade/:0
[  223752ms] [WARNING] The resource https://axiom.trade/_next/static/media/24f44be2cf98e6f7-s.p.woff2?dpl=dpl_DYe22begE7WtbdA2wvqV8TzGG7Vb was preloaded using link preload but not used within a few seconds from the window's load event. Please make sure it has an appropriate `as` value and it is preloaded intentionally. @ https://axiom.trade/:0
[  226862ms] [ERROR] Failed to load resource: the server responded with a status of 502 () @ https://api7.axiom.trade/top-traders-v6?pairAddress=EPjFWdd5AufqSSqeM2qN1xzybapC8G4wEGGkZwyTDt1v&onlyTrackedWallets=false&v=1786187306302:0
[  226869ms] [ERROR] Failed to load resource: the server responded with a status of 502 () @ https://api7.axiom.trade/holder-data-v6?pairAddress=EPjFWdd5AufqSSqeM2qN1xzybapC8G4wEGGkZwyTDt1v&v=1786187306303:0
[  226952ms] [ERROR] Failed to load resource: the server responded with a status of 502 () @ https://api2.axiom.trade/top-traders-v6?pairAddress=EPjFWdd5AufqSSqeM2qN1xzybapC8G4wEGGkZwyTDt1v&onlyTrackedWallets=false&v=1786187306493:0
[  226954ms] [ERROR] Failed to load resource: the server responded with a status of 502 () @ https://api8.axiom.trade/holder-data-v6?pairAddress=EPjFWdd5AufqSSqeM2qN1xzybapC8G4wEGGkZwyTDt1v&v=1786187306500:0
[  229963ms] [WARNING] The resource https://axiom.trade/_next/static/media/7d4881bb7e1bf84d-s.p.woff2?dpl=dpl_DYe22begE7WtbdA2wvqV8TzGG7Vb was preloaded using link preload but not used within a few seconds from the window's load event. Please make sure it has an appropriate `as` value and it is preloaded intentionally. @ https://axiom.trade/:0
[  229963ms] [WARNING] The resource https://axiom.trade/_next/static/media/22a5144ee8d83bca-s.p.woff2?dpl=dpl_DYe22begE7WtbdA2wvqV8TzGG7Vb was preloaded using link preload but not used within a few seconds from the window's load event. Please make sure it has an appropriate `as` value and it is preloaded intentionally. @ https://axiom.trade/:0
[  229963ms] [WARNING] The resource https://axiom.trade/_next/static/media/26d4368bf94c0ec4-s.p.woff2?dpl=dpl_DYe22begE7WtbdA2wvqV8TzGG7Vb was preloaded using link preload but not used within a few seconds from the window's load event. Please make sure it has an appropriate `as` value and it is preloaded intentionally. @ https://axiom.trade/:0
[  229963ms] [WARNING] The resource https://axiom.trade/_next/static/media/2bd0d0cfb0d443bc-s.p.woff?dpl=dpl_DYe22begE7WtbdA2wvqV8TzGG7Vb was preloaded using link preload but not used within a few seconds from the window's load event. Please make sure it has an appropriate `as` value and it is preloaded intentionally. @ https://axiom.trade/:0
[  229963ms] [WARNING] The resource https://axiom.trade/_next/static/media/24f44be2cf98e6f7-s.p.woff2?dpl=dpl_DYe22begE7WtbdA2wvqV8TzGG7Vb was preloaded using link preload but not used within a few seconds from the window's load event. Please make sure it has an appropriate `as` value and it is preloaded intentionally. @ https://axiom.trade/:0
[  233712ms] [ERROR] WebSocket connection to 'wss://cluster9.axiom.trade/' failed: HTTP Authentication failed; no valid credentials available @ https://axiom.trade/_next/static/chunks/1272-428a1ed8fb52a446.js?dpl=dpl_DYe22begE7WtbdA2wvqV8TzGG7Vb:104
[  233713ms] [ERROR] WebSocket connection error: {url: wss://cluster9.axiom.trade, connectionType: main, error: WebSocket error: error, timestamp: 2026-08-08T11:08:33.343Z} @ https://axiom.trade/_next/static/chunks/1272-428a1ed8fb52a446.js?dpl=dpl_DYe22begE7WtbdA2wvqV8TzGG7Vb:104
[  233718ms] [ERROR] Failed to load resource: the server responded with a status of 502 () @ https://api7.axiom.trade/top-traders-v6?pairAddress=EPjFWdd5AufqSSqeM2qN1xzybapC8G4wEGGkZwyTDt1v&onlyTrackedWallets=false&v=1786187313303:0
[  233783ms] [ERROR] Failed to load resource: the server responded with a status of 502 () @ https://api9.axiom.trade/top-traders-v6?pairAddress=EPjFWdd5AufqSSqeM2qN1xzybapC8G4wEGGkZwyTDt1v&onlyTrackedWallets=false&v=1786187313350:0
[  234414ms] [ERROR] WebSocket connection to 'wss://cluster-global1-heavy.axiom.trade/' failed: HTTP Authentication failed; no valid credentials available @ https://axiom.trade/_next/static/chunks/1272-428a1ed8fb52a446.js?dpl=dpl_DYe22begE7WtbdA2wvqV8TzGG7Vb:104
[  234414ms] [ERROR] WebSocket connection error: {url: wss://cluster-global1-heavy.axiom.trade, connectionType: main_heavy, error: WebSocket error: error, timestamp: 2026-08-08T11:08:34.045Z} @ https://axiom.trade/_next/static/chunks/1272-428a1ed8fb52a446.js?dpl=dpl_DYe22begE7WtbdA2wvqV8TzGG7Vb:104
[  234726ms] [ERROR] Failed to load resource: the server responded with a status of 502 () @ https://api7.axiom.trade/holder-data-v6?pairAddress=EPjFWdd5AufqSSqeM2qN1xzybapC8G4wEGGkZwyTDt1v&v=1786187314303:0
[  234786ms] [ERROR] Failed to load resource: the server responded with a status of 502 () @ https://api6.axiom.trade/holder-data-v6?pairAddress=EPjFWdd5AufqSSqeM2qN1xzybapC8G4wEGGkZwyTDt1v&v=1786187314359:0
[  237792ms] [WARNING] The resource https://axiom.trade/_next/static/media/7d4881bb7e1bf84d-s.p.woff2?dpl=dpl_DYe22begE7WtbdA2wvqV8TzGG7Vb was preloaded using link preload but not used within a few seconds from the window's load event. Please make sure it has an appropriate `as` value and it is preloaded intentionally. @ https://axiom.trade/:0
[  237792ms] [WARNING] The resource https://axiom.trade/_next/static/media/22a5144ee8d83bca-s.p.woff2?dpl=dpl_DYe22begE7WtbdA2wvqV8TzGG7Vb was preloaded using link preload but not used within a few seconds from the window's load event. Please make sure it has an appropriate `as` value and it is preloaded intentionally. @ https://axiom.trade/:0
[  237792ms] [WARNING] The resource https://axiom.trade/_next/static/media/26d4368bf94c0ec4-s.p.woff2?dpl=dpl_DYe22begE7WtbdA2wvqV8TzGG7Vb was preloaded using link preload but not used within a few seconds from the window's load event. Please make sure it has an appropriate `as` value and it is preloaded intentionally. @ https://axiom.trade/:0
[  237792ms] [WARNING] The resource https://axiom.trade/_next/static/media/2bd0d0cfb0d443bc-s.p.woff?dpl=dpl_DYe22begE7WtbdA2wvqV8TzGG7Vb was preloaded using link preload but not used within a few seconds from the window's load event. Please make sure it has an appropriate `as` value and it is preloaded intentionally. @ https://axiom.trade/:0
[  237792ms] [WARNING] The resource https://axiom.trade/_next/static/media/24f44be2cf98e6f7-s.p.woff2?dpl=dpl_DYe22begE7WtbdA2wvqV8TzGG7Vb was preloaded using link preload but not used within a few seconds from the window's load event. Please make sure it has an appropriate `as` value and it is preloaded intentionally. @ https://axiom.trade/:0
[  240723ms] [ERROR] Failed to load resource: the server responded with a status of 502 () @ https://api7.axiom.trade/top-traders-v6?pairAddress=EPjFWdd5AufqSSqeM2qN1xzybapC8G4wEGGkZwyTDt1v&onlyTrackedWallets=false&v=1786187320302:0
[  240772ms] [ERROR] Failed to load resource: the server responded with a status of 502 () @ https://api.axiom.trade/top-traders-v6?pairAddress=EPjFWdd5AufqSSqeM2qN1xzybapC8G4wEGGkZwyTDt1v&onlyTrackedWallets=false&v=1786187320356:0
